# callgrind format
version: 1
creator: callgrind-3.24.0
pid: 67
cmd:  ../target/release/demo
part: 1


desc: I1 cache: 
desc: D1 cache: 
desc: LL cache: 

desc: Timerange: Basic block 0 - 105722
desc: Trigger: Program termination

positions: line
events: Ir
summary: 522357


ob=(5) /usr/lib/x86_64-linux-gnu/libgcc_s.so.1
fl=(148) ???
fn=(958) 0x0000000000004510
0 30

fn=(978) 0x0000000000005680
0 5

fn=(526) 0x0000000000005730
0 12

fn=(956) 0x0000000000004560
0 4
cfn=(958)
calls=1 0 
0 15
0 2
cfn=(958)
calls=1 0 
0 15
0 3

fn=(524) __cpu_indicator_init
0 361

fn=(968) 0x00000000000056f0
0 9
cob=(3) ???
cfi=(138) ???
cfn=(974) 0x000000000484a3b0
calls=1 0 
0 72
0 1
cfn=(978)
calls=1 0 
0 5
0 3

ob=(1) /usr/lib/x86_64-linux-gnu/ld-linux-x86-64.so.2
fl=(53) ./setjmp/../sysdeps/x86_64/setjmp.S
fn=(174) __sigsetjmp
33 7
+9 7
+1 14
+1 7
+4 7
+1 7
+1 7
+1 7
+1 7
+2 14
+2 7
+1 7
+3 14
+2 7
+19 7
+1 7

fl=(54) ./elf/./elf/dl-misc.c
fn=(230) _dl_sysdep_read_whole_file
36 1
+3 1
-3 5
+3 1
-3 2
+3 1
cfi=(55) ./io/../sysdeps/unix/sysv/linux/open64_nocancel.c
cfn=(184) __open_nocancel
calls=1 -8 
* 16
+1 2
+23 7
-21 4
cfi=(58) ./io/../sysdeps/unix/sysv/linux/fstat64.c
cfn=(192) fstat
calls=1 -3 
* 5
* 2
+2 2
+3 2
+13 2
cfi=(64) ./io/../sysdeps/unix/sysv/linux/close_nocancel.c
cfn=(206) __GI___close_nocancel
calls=1 -34 
* 5
* 1
-11 6
cfi=(59) ./misc/../sysdeps/unix/sysv/linux/mmap64.c
cfn=(194) mmap
calls=1 +1 
* 22
* 2

fn=(180) _dl_name_match_p
68 230
+1 92
cfi=(33) ./string/../sysdeps/x86_64/multiarch/../multiarch/strcmp-sse2.S
cfn=(96) strcmp
calls=46 +62 
* 1494
* 46
+1 46
-1 92
+3 46
+2 92
+4 46
-4 92
+1 168
cfi=(33)
cfn=(96)
calls=56 +56 
* 2167
* 112
-5 10
+11 76
-1 36
+1 108

fl=(32) ./elf/./elf/dl-execstack-tunable.c
fn=(94) _dl_handle_execstack_tunable
24 1
+1 4
cfi=(11) ./elf/./elf/dl-tunables.c
cfn=(28) __tunable_get_val
calls=1 441 
* 22
* 5
+14 2

fl=(8) ./elf/./elf/dl-setup_hash.c
fn=(14) _dl_setup_hash
28 5
-3 5
+3 10
+3 15
+1 10
+2 5
-1 5
+3 15
+1 5
+1 10
+2 5
-2 5
+3 10
+4 10
-2 5
+2 10
+5 5

fl=(23) ./string/../sysdeps/x86_64/multiarch/../multiarch/strlen-sse2.S
fn=(64) strlen
101 20
+1 20
+1 20
+1 20
+1 20
+1 20
+1 20
+2 20
+2 20
+31 20
+1 20
+1 20
+1 20
+1 20
+1 11
+2 11
+4 9
+1 9
+1 9
+1 9
+1 9
+1 9
+1 9
+1 9
+1 9
+1 9
+1 9
+1 9
+5 72

fl=(221) ./elf/./elf/dl-fini.c
fn=(902) _dl_fini
26 4
+17 1
-17 6
+20 9
+3 2
cob=(2) /usr/lib/x86_64-linux-gnu/libc.so.6
cfi=(222) ./nptl/./nptl/pthread_mutex_lock.c
cfn=(904) pthread_mutex_lock@@GLIBC_2.2.5
calls=1 +31 
* 39
+2 1
+3 2
+2 5
-10 4
+95 4
+2 1
-2 2
+6 2
+7 8
-91 3
-2 1
+2 1
cfi=(50) ./elf/./elf/dl-audit.c
cfn=(486) _dl_audit_activity_nsid
calls=1 -18 
* 8
+5 1
+4 1
+2 1
-6 5
+6 1
-6 1
+6 2
+2 10
+2 10
+2 10
+1 5
+1 5
+4 5
-12 15
+19 6
+1 4
+6 7
cfi=(13) ./elf/./elf/dl-sort-maps.c
cfn=(250) _dl_sort_maps
calls=1 298 
* 380
+9 2
cob=(2)
cfi=(223) ./nptl/./nptl/pthread_mutex_unlock.c
cfn=(906) pthread_mutex_unlock@@GLIBC_2.2.5
calls=1 368 
* 36
+5 12
+14 5
-14 10
+2 5
+2 10
+2 25
cfi=(224) ./elf/./elf/dl-call_fini.c
cfn=(910) _dl_call_fini
calls=5 -96 
* 459
+3 10
cfi=(50)
cfn=(936) _dl_audit_objclose
calls=5 -25 
* 20
* 20
+8 2
+4 3
cfi=(50)
cfn=(486)
calls=1 -90 
* 8
* 2

fl=(55)
fn=(184)
31 8
-3 8
+3 48
+8 56
+2 4
-2 12
+2 4

fl=(24) ./elf/../misc/sbrk.c
fn=(66) sbrk
37 4
+3 1
+18 2
+4 2
+16 5

fl=(2) ./elf/./elf/rtld.c
fn=(168) do_preload
787 1
+12 1
-12 5
+10 1
-4 1
+6 2
-5 1
+5 2
-10 1
+6 1
+4 1
cfi=(52) ./elf/./elf/dl-catch.c
cfn=(170) _dl_catch_error
calls=1 258 
* 2563
+1 3
+8 3
+6 5

fn=(68) dl_main
1360 1
197 1
1360 11
199 1
302 1
+1 1
197 1
+99 3
1372 1
cfi=(25) ./elf/../sysdeps/nptl/dl-tls_init_tp.c
cfn=(70) __tls_pre_init_tp
calls=1 54 
* 16
2739 3
2516 1
2739 2
2587 1
+2 2
+15 3
-13 2
cfi=(26) ./elf/./elf/dl-environ.c
cfn=(72) _dl_next_ld_env_entry
calls=1 29 
* 26
* 4
cfi=(26)
cfn=(72)
calls=2 29 
* 79
* 9
+4 6
-2 2
+2 6
+1 2
-1 6
+1 17
-1 89
+9 12
2716 3
1382 1
+1 2
-1 2
+1 2
2676 3
-47 2
+10 2
1650 9
cfi=(27) ./elf/./elf/dl-object.c
cfn=(74) _dl_new_object
calls=1 59 
* 286
* 1
+2 2
+1 1
+1 1
+5 2
-5 1
+1 3
+4 1
cfi=(27)
cfn=(88) _dl_add_to_namespace_list
calls=1 31 
* 34
+1 2
1098 1
+1 1
1365 1
1126 1
-21 1
+2 1
+19 1
-18 1
+18 1
-21 1
+21 2
+34 1
-34 1
-25 1
+22 1
+4 2
+19 1
+14 2
-14 1
+14 1
-33 66
+33 4
-1 4
+1 8
-1 4
+2 8
+1 1
+2 12
+1 14
+4 8
+1 8
+1 4
+4 16
-49 18
+1 43
+80 1
-81 1
+81 2
-81 2
+88 22
-1 24
+1 12
+6 12
-6 24
fi=(31) ./elf/../sysdeps/x86/dl-prop.h
149 4
fe=(2)
1181 3
+7 1
-1 2
+6 1
-6 2
-56 1
+62 3
-67 2
+68 1
+1 1
-1 1
+4 2
-72 2
+5 1
-5 1
+5 2
-5 2
+21 1
-21 1
+21 1
+4 1
-5 1
+3 1
-23 2
+10 2
-10 1
+10 1
+1 9
-11 2
1226 3
+2 2
+1 2
+2 2
1685 1
cfi=(32)
cfn=(94)
calls=1 24 
* 34
+4 3
+2 1
-1 1
+1 2
+1 2
-2 1
+2 1
-2 2
cfi=(33)
cfn=(96)
calls=1 131 
* 42
* 2
+7 1
+3 1
-5 1
+3 1
+2 1
+1 2
+4 2
+2 2
fi=(3) ./elf/./get-dynamic-info.h
39 3
+6 1
-2 1
+11 1
+1 1
-10 2
+23 28
-23 112
+4 56
+3 6
-1 12
+3 24
+1 20
fe=(2)
1203 1
-77 1
+77 1
-77 2
fi=(3)
72 3
+43 2
+7 2
+1 3
+6 3
+18 3
+5 2
+2 2
+2 2
+2 2
+1 1
+3 3
+2 3
+1 2
+9 2
+6 2
+1 2
+3 2
fe=(2)
1715 3
+7 2
cfi=(8)
cfn=(14)
calls=1 28 
* 27
+3 2
fi=(34) ./elf/./setup-vdso.h
24 2
fi=(37) ./elf/./dl-main.h
+85 2
fi=(36) ./elf/../sysdeps/unix/sysv/linux/dl-vdso-setup.h
-55 1
fi=(37)
+55 3
cfi=(38) ./elf/./elf/dl-load.c
cfn=(108) _dl_init_paths
calls=1 680 
* 2369
fe=(2)
1750 3
cfi=(47) ./elf/./elf/dl-debug.c
cfn=(154) _dl_debug_initialize
calls=1 56 
* 32
+7 1
-5 1
-2 1
+7 1
+4 1
+3 1
-3 3
+1 2
+3 1
1256 1
1763 1
1256 1
+1 2
+5 1
+3 1
-6 2
+13 1
-7 1
-4 1
+11 1
-10 1
+10 1
-7 1
+7 3
+4 1
-4 1
-1 1
+5 4
-3 5
-1 10
+2 18
+2 4
+1 8
-1 8
+2 8
+5 4
-10 4
+10 8
-11 11
+19 5
-1 2
225 1
-1 1
+1 3
-1 1
+2 2
1779 2
+5 1
-1 1
1366 1
1784 1
+24 1
cfi=(48) ./elf/../elf/dl-tls.c
cfn=(156) _dl_count_modids
calls=1 222 
* 5
* 1
fi=(49) ./elf/../sysdeps/generic/dl-debug.h
29 3
+1 1
fe=(2)
1814 1
+1 1
cfi=(47)
cfn=(160) _dl_debug_state
calls=1 117 
* 1
+5 3
cfi=(50)
cfn=(162) _dl_audit_activity_map
calls=1 29 
* 20
+5 3
+2 1
+2 2
+9 2
+16 4
cfi=(65) ./io/../sysdeps/unix/sysv/linux/access.c
cfn=(214) access
calls=1 27 
* 8
* 2
+76 4
+16 3
85 1
1956 1
85 2
1956 2
85 1
1956 5
cfi=(66) ./elf/./elf/dl-deps.c
cfn=(216) _dl_map_object_deps
calls=1 143 
* 13623
92 1
1966 2
-4 1
+16 1
92 2
+9 2
1962 5
+1 2
-1 4
+1 8
-1 16
+4 1
+1 2
+1 1
+2 18
+1 12
+7 2
+1 1
-1 1
+1 2
+2 1
+2 2
+16 4
+1 2
+1 3
+10 1
+2 1
-1 3
+1 3
-1 1
+1 1
cfi=(52)
cfn=(254) _dl_receive_error
calls=1 190 
* 11358
+10 1
+1 1
-1 1
+1 1
+3 2
820 1
fi=(229) ./elf/../sysdeps/unix/sysv/linux/dl-osinfo.h
39 2
fe=(2)
822 1
fi=(229)
52 1
fe=(2)
831 1
+7 1
-5 1
2032 3
2235 1
-4 2
+10 1
-6 1
+6 1
+3 2
fi=(31)
36 1
+1 3
+3 1
+13 8
-13 4
+9 8
-9 1
+9 20
+4 16
-16 15
fe=(2)
2256 3
+3 1
+5 2
85 1
2269 1
-1 2
85 3
2268 5
cfi=(79) ./elf/./elf/dl-reloc.c
cfn=(284) _dl_relocate_object
calls=1 344 
* 72260
92 4
+9 2
-16 5
2278 9
+2 10
+5 10
+2 10
+6 5
+2 40
cfi=(79)
cfn=(284)
calls=5 344 
* 65784
+4 16
+1 6
-22 3
+22 3
cfi=(48)
cfn=(436) _dl_add_to_slotinfo
calls=3 1164 
* 90
-22 6
92 3
+1 2
2307 1
cfi=(48)
cfn=(438) _dl_tls_initial_modid_limit_setup
calls=1 1125 
* 42
+6 2
+4 4
+2 1
+7 3
cfi=(48)
cfn=(440) _dl_allocate_tls_init
calls=1 602 
* 306
+3 2
+4 3
+3 1
cfi=(126) ./elf/./elf/dl-find_object.c
cfn=(442) _dl_find_object_init
calls=1 578 
* 736
+5 2
85 1
2345 3
85 3
2345 2
cfi=(79)
cfn=(286) _dl_relocate_object_no_relro
calls=1 207 
* 275
92 3
+9 2
2348 1
cfi=(128) ./elf/../sysdeps/nptl/dl-mutex.c
cfn=(452) __rtld_mutex_init
calls=1 30 
* 423
+1 2
cfi=(7) ./elf/./elf/dl-minimal.c
cfn=(458) __rtld_malloc_init_real
calls=1 76 
* 2547
+4 2
cfi=(79)
cfn=(432) _dl_protect_relro
calls=1 353 
* 28
+5 3
cfi=(132) ./elf/./elf/dl-call-libc-early-init.c
cfn=(466) _dl_call_libc_early_init
calls=1 29 
* 600
+7 1
cfi=(9) ./elf/../sysdeps/unix/sysv/linux/dl-sysdep.c
cfn=(484) _dl_sysdep_start_cleanup
calls=1 149 
* 1
+4 2
cfi=(47)
cfn=(210) _dl_debug_update
calls=1 41 
* 6
+1 1
+1 1
cfi=(47)
cfn=(160)
calls=1 117 
* 1
+4 3
cfi=(50)
cfn=(486)
calls=1 45 
* 8
+4 1
cfi=(69) ./elf/./elf/dl-cache.c
cfn=(488) _dl_unload_cache
calls=1 510 
* 16
+5 8
-95 1
+1 1
-3 2
226 3
1293 1
1770 1
1293 2
1770 1
fi=(3)
56 5
+3 4
fe=(2)
1985 1
-4 1
+4 2
fi=(35) ./elf/../sysdeps/unix/sysv/linux/dl-vdso.h
40 2
+1 5
fi=(36)
-11 1
+3 1
+3 1
+3 1
+6 1
fi=(35)
+10 2
fi=(3)
+17 2
+12 3
+1 4
+1 4
+1 4
+1 3
+1 4
+1 4
+1 4
+12 1
+7 1
-7 7
+7 2
fe=(2)
1999 3
1760 4
2676 2
+2 1
+1 1
-1 1
+1 1
+1 1
2025 2
cfn=(264) init_tls
calls=1 734 
* 927
* 2
fi=(3)
62 4
+2 4
fe=(2)
2639 2
+2 2
+1 1
1934 1
+1 1
-1 6
+4 3
+1 1
+1 2
+1 2
-7 2
85 1
1833 1
85 2
1833 1
85 1
1833 2
cfn=(164) handle_preload_list
calls=1 852 
* 2915
* 1
92 3
+9 3

fn=(2) _dl_start
519 15
85 1
549 4
85 1
545 1
85 1
548 1
85 1
fi=(3)
-40 1
fe=(2)
548 1
fi=(3)
45 2
+23 18
-23 72
+4 36
+3 5
-1 10
+3 20
+1 16
+1 5
fi=(4) ./elf/../sysdeps/generic/ldsodefs.h
+23 1
fi=(3)
+31 1
-38 3
+12 4
+1 3
+1 4
+1 4
+1 5
+1 3
+1 4
+1 4
+12 7
+7 2
+13 3
+6 3
+1 3
+3 2
+1 3
+5 5
+3 5
fe=(2)
565 143
fi=(4)
79 1
fe=(2)
565 3
fi=(4)
79 2
fe=(2)
565 27
fi=(5) ./elf/./elf/do-rel.h
49 1
+4 1
-5 1
+1 3
+4 7
+3 2
fe=(2)
565 1
fi=(5)
49 1
+4 1
-5 1
+1 3
+4 7
+3 2
+5 7
+2 1
+2 1
-2 2
+1 2
fi=(6) ./elf/../sysdeps/x86_64/dl-machine.h
273 2
+9 10
+4 2
+26 4
fi=(5)
61 3
fe=(2)
565 6
fi=(5)
51 1
fi=(4)
+28 2
fi=(3)
-20 4
fe=(2)
565 42
+2 1
457 1
cfi=(7)
cfn=(12) __rtld_malloc_init_stubs
calls=1 43 
* 9
+4 2
85 1
478 1
85 3
478 1
cfi=(8)
cfn=(14)
calls=1 28 
* 27
+2 1
+16 1
-17 1
+17 1
-17 1
+11 1
-10 1
+16 1
cfi=(9)
cfn=(16) _dl_sysdep_start
calls=1 103 
* 188346
* 1
+2 2
+87 9
fi=(3)
62 4
+2 4
+39 3
fe=(2)

fn=(176) map_doit
641 1
+2 1
-2 1
+2 1
+1 2
-1 2
+1 3
cfi=(38)
cfn=(178) _dl_map_object
calls=1 1914 
* 2469
* 1
+2 2

fn=(264)
734 3
+2 1
+4 1
-4 1
+4 2
+11 1
fi=(29) ./elf/../include/rtld-malloc.h
44 1
fe=(2)
746 1
+4 1
fi=(29)
44 1
cfi=(28) ./elf/./elf/dl-minimal-malloc.c
cfn=(76) __minimal_calloc
calls=1 +40 
* 34
fe=(2)
759 1
-10 1
-3 1
+10 1
+3 1
cfi=(48)
cfn=(266) _dl_tls_static_surplus_init
calls=1 125 
* 78
+3 1
cfi=(48)
cfn=(268) _dl_determine_tlsoffset
calls=1 243 
* 218
+7 1
cfi=(48)
cfn=(272) _dl_allocate_tls_storage
calls=1 509 
* 461
* 1
+1 2
+6 1
fi=(77) ./elf/../sysdeps/generic/dl-call_tls_init_tp.h
31 2
fe=(2)
776 1
fi=(77)
31 6
+2 1
cfi=(25)
cfn=(280) __tls_init_tp
calls=1 +36 
* 96
fe=(2)
780 1
+3 5

fn=(164)
852 7
+5 1
-5 1
+5 4
-4 1
+10 2
+7 1
183 1
872 2
183 2
874 2
+1 4
cfn=(168)
calls=1 -88 
* 2591
* 1
-18 2
+3 3
cfi=(51) ./string/../string/strcspn.c
cfn=(166) strcspn
calls=1 32 
* 253
* 1
+1 3
+2 4
cfi=(30) ./string/../sysdeps/x86_64/multiarch/memmove-vec-unaligned-erms.S
cfn=(84) memcpy
calls=1 211 
* 18
+1 2
+14 9

fn=(256) version_check_doit
674 2
+2 4
cfi=(74) ./elf/./elf/dl-version.c
cfn=(258) _dl_check_all_versions
calls=1 392 
* 11328
* 2
+4 2

fl=(125) ./misc/../sysdeps/unix/syscall-template.S
fn=(434) mprotect
117 20
+5 5

fn=(490) munmap
117 4
+5 1

fl=(72) ./malloc/./malloc/scratch_buffer_set_array_size.c
fn=(246) __libc_scratch_buffer_set_array_size
30 27
+4 3
+1 6
+10 6
+18 3
-17 3
+17 9

fl=(80) ./elf/./elf/dl-lookup.c
fn=(300) check_match
70 780
+3 156
-3 1248
+3 936
+13 780
+3 688
cfi=(33)
cfn=(96)
calls=94 +42 
* 4988
* 188
+4 156
+1 312
+4 308
+4 308
+1 1232
+2 4
+44 1092
-18 4
+2 4
+1 2
-1 4
+1 6
-1 4
-55 4
+26 456
cfi=(33)
cfn=(96)
calls=152 +27 
* 4616
* 304

fn=(294) _dl_lookup_symbol_x
759 656
+2 164
-2 492
+2 164
-2 656
fi=(81) ./elf/../sysdeps/generic/dl-new-hash.h
74 164
+3 328
-8 164
+1 328
+10 164
+1 328
-1 985
+1 1970
+20 1073
-2 1073
+6 1073
-3 2146
+2 1073
-30 1073
+3 2146
fe=(80)
761 164
+4 164
-4 164
+8 632
+9 152
-7 152
+1 152
+6 304
-6 152
+6 304
-15 492
+15 492
-15 820
+15 50
+1 2460
cfn=(298) do_lookup_x
calls=164 334 
* 66427
* 1148
+28 328
-23 328
-5 154
+29 1058
+35 1540
+14 462
+3 308
-57 328
+76 1476
fi=(81)
87 76
+1 76
+1 152
+1 76
fe=(80)
772 12
+6 36
-6 12
+6 24
-7 24
+37 8
+50 2
-72 60
+18 30
+63 40

fn=(298)
334 1312
+1 164
-1 984
+7 164
+11 164
fi=(82) ./elf/../sysdeps/generic/dl-protected.h
29 328
fe=(80)
352 492
+31 2016
+8 672
-4 672
+1 672
+3 2688
+1 1344
+3 672
-3 672
+4 1344
+3 672
+4 672
-4 672
+1 672
-2 672
+5 2016
+3 4704
+99 1554
345 2016
+3 1344
+4 1344
+21 1344
+4 1344
fi=(4)
139 308
+1 462
fe=(80)
463 308
fi=(82)
29 308
fe=(80)
470 1100
+16 308
+1 154
+1 154
+21 1312
-99 468
-1 312
+2 312
+2 154
+6 308
-6 154
+6 1232
+7 582
-10 1740
+3 156
-1 156
+1 156
-1 312
+2 156
-1 156
+1 156
-1 1872
cfn=(300)
calls=156 70 
* 18580
+4 1546
+51 99
+34 20

fl=(74)
fn=(260) _dl_check_map_versions
155 35
+15 5
-15 5
+15 10
+2 20
+2 5
+1 5
+2 10
+3 6
-16 6
+20 3
-28 3
+24 3
+4 18
+16 6
36 3
200 3
36 18
200 6
36 3
200 3
36 18
+1 20
-1 40
+2 78
cfi=(54)
cfn=(180)
calls=26 +30 
* 2646
* 52
208 18
+5 6
fi=(230) ./elf/../sysdeps/generic/_itoa.h
76 18
fe=(74)
213 12
+4 12
+1 12
-1 6
+4 6
-3 6
+3 6
-3 18
-1 38
+1 38
-1 19
+4 19
-3 19
+3 19
-3 132
56 100
+8 75
+6 75
+16 25
+1 50
+2 25
+5 225
+14 738
+12 1032
+4 344
-30 688
231 100
+3 75
+5 19
-24 19
110 25
+3 100
cfi=(33)
cfn=(96)
calls=25 +18 
* 1058
* 75
224 100
+4 12
+15 18
+5 3
-50 3
+59 15
+3 6
+3 21
+3 18
+4 3
-7 12
+3 9
+4 59
-7 236
+3 180
+8 9
+6 8
fi=(29)
44 4
fe=(74)
280 8
fi=(29)
44 4
cfi=(28)
cfn=(76)
calls=4 +40 
* 136
fe=(74)
281 8
-2 4
fi=(29)
44 4
fe=(74)
281 4
+13 4
-3 4
+3 16
+2 8
+3 12
+4 18
+18 19
-15 19
+2 19
-2 19
+2 19
-2 19
+2 38
-2 6
+2 6
-2 6
+2 6
-2 6
+2 12
+2 25
+1 25
-1 75
+1 25
+1 25
-2 25
+2 50
+1 75
+3 75
+8 18
+5 3
-28 3
+33 6
+3 6
+20 62
-14 130
-2 62
+6 62
+1 62
+1 62
-1 186
+1 62
-1 62
+1 62
+1 62
+3 195
+12 6
+1 6
+1 6
+1 2
+19 45
164 2
-8 2
257 5
+77 2
-40 2
-20 3
+96 4
+2 4
+4 2
-4 120
+1 60
+2 1
+1 2
-1 1
+1 1
cfi=(33)
cfn=(262) strncmp
calls=1 125 
* 54
* 2

fn=(258)
392 5
+4 5
-2 2
+4 30
cfn=(260)
calls=5 155 
* 11259
-2 5
+1 5
-1 10
+5 7

fl=(17) ./elf/../sysdeps/x86/cpu-features.c
fn=(44) update_active.constprop.0
90 7
+41 1
+4 1
-41 1
+28 1
-18 1
+9 1
+22 1
-32 1
-1 1
+25 1
-24 1
-1 1
+10 1
+9 1
-19 1
+25 1
-15 2
-9 1
+18 1
-9 1
+9 1
+6 1
+3 3
-3 1
+3 2
+4 5
+5 4
+3 1
-3 1
+1 1
+7 1
-1 1
-4 1
+6 1
-8 2
+1 1
+5 1
+2 2
+3 1
-5 1
-5 1
+10 1
-10 1
+6 2
+4 1
-4 1
+4 2
-5 1
+1 1
+4 1
+14 2
+4 1
-6 1
+6 4
+1 3
+2 3
+91 1
-1 2
+17 4
+16 2
+5 1
-1 1
+4 4
+4 2
fi=(19) ./elf/../sysdeps/x86/get-isa-level.h
31 1
fe=(17)
389 2
+4 3
fi=(20) ./elf/../sysdeps/unix/sysv/linux/x86/dl-hwcap2.h
25 2
fi=(19)
+5 1
-2 1
+2 3
fe=(17)
402 1
+1 8
-92 4
+1 2
+5 1
-1 1
+10 1
-6 1
+2 1
-2 1
+3 1
+3 1
fi=(19)
32 3
+4 3
fe=(17)
176 2
+3 1
+3 2
+14 1
+2 1
+10 1
-30 1
+30 1
-12 1
+12 1
-12 2
+2 4
+6 4
+2 4
+7 4
fi=(19)
39 3
+1 4
-2 1
+7 4
+2 1
+1 2
+3 5
+2 4
+1 2
+1 2
+3 1
-1 1
+1 3
fe=(17)
189 1
-5 2
+4 1

fn=(38) init_cpu_features.constprop.0
724 1
+23 1
-23 6
+14 1
-2 1
-9 1
+1 1
+1 1
+18 2
+3 6
+6 6
cfn=(40) get_common_indices.constprop.0
calls=1 431 
* 71
409 3
+1 2
+1 6
+5 2
+1 6
+5 2
+1 6
761 1
cfn=(44)
calls=1 90 
* 212
+4 1
+42 1
-38 1
+15 1
-18 1
+41 1
-36 1
-5 1
+39 1
-39 1
+3 2
886 2
+65 2
+7 2
+2 2
+4 2
+6 2
1126 1
754 1
1126 1
fi=(21) ./elf/../sysdeps/x86/dl-cacheinfo.h
999 6
fe=(17)
751 1
1118 3
+1 2
+3 2
+1 2
+3 2
+7 1
+1 1
+1 1
+1 1
fi=(21)
834 1
+1 1
+1 1
+14 2
954 1
+4 1
+11 1
-9 1
+4 1
+5 1
-15 1
+1 1
+14 1
-9 1
+2 1
-7 1
+1 1
+44 1
-47 1
+3 1
+1 1
+2 1
-2 1
+4 1
+1 1
+1 1
+37 1
-17 3
+8 2
+29 6
+9 2
+20 2
+13 2
-13 1
+6 2
+7 2
cfi=(11)
cfn=(28)
calls=1 441 
* 21
* 1
+5 2
-3 2
+3 2
cfi=(11)
cfn=(28)
calls=1 441 
* 21
* 1
+2 2
+6 2
+4 2
-4 1
+4 2
cfi=(11)
cfn=(28)
calls=1 441 
* 21
* 1
+1 5
+55 2
-51 4
cfi=(11)
cfn=(28)
calls=1 441 
* 21
* 1
+1 5
+37 2
-33 5
cfi=(11)
cfn=(28)
calls=1 441 
* 21
* 1
+1 4
+48 2
-42 5
cfi=(11)
cfn=(28)
calls=1 441 
* 21
+2 2
-2 1
+2 1
+24 10
cfi=(11)
cfn=(60) __GI___tunable_set_val
calls=1 163 
* 44
+6 2
+3 9
cfi=(11)
cfn=(60)
calls=1 163 
* 44
+2 9
cfi=(11)
cfn=(60)
calls=1 163 
* 44
+1 10
cfi=(11)
cfn=(60)
calls=1 163 
* 44
+1 11
cfi=(11)
cfn=(60)
calls=1 163 
* 44
+3 10
cfi=(11)
cfn=(60)
calls=1 163 
* 44
+9 1
fe=(17)
-7 2
fi=(21)
+9 1
fe=(17)
-9 1
fi=(21)
+6 1
+1 1
+1 1
+1 1
+1 1
-2 1
+4 1
-2 1
+1 1
fe=(17)
-11 1
cfi=(11)
cfn=(28)
calls=1 441 
* 20
+3 4
cfi=(11)
cfn=(28)
calls=1 441 
* 22
+9 1
+4 1
-4 2
1264 1
+35 3
-32 1
+32 1
cfi=(11)
cfn=(28)
calls=1 441 
* 22
+7 8
fi=(21)
1035 3
+3 1
+1 2
fe=(17)
1165 1
+1 1
-1 1
+1 2
+41 1
+52 1
-53 1
+1 1
+51 2
+3 7
-50 3
+27 2
-10 2
+1 3
+2 3
+1 2
+2 1
+1 1
-1 3
fi=(21)
852 3
cfn=(52) handle_intel.constprop.0
calls=1 255 
* 459
+1 1
-1 1
+1 1
cfn=(52)
calls=1 255 
* 526
+4 1
-4 2
+1 1
+3 1
cfn=(52)
calls=1 255 
* 476
+2 1
-2 1
+2 1
cfn=(52)
calls=1 255 
* 468
+3 1
-2 1
-1 1
+3 1
cfn=(52)
calls=1 255 
* 450
+2 1
-2 1
+2 1
cfn=(52)
calls=1 255 
* 451
+2 1
-2 1
+2 1
cfn=(52)
calls=1 255 
* 501
+2 1
-2 1
+2 1
cfn=(52)
calls=1 255 
* 492
+2 1
-2 1
+2 1
cfn=(52)
calls=1 255 
* 493
+3 1
-3 1
+3 1
cfn=(52)
calls=1 255 
* 517
+2 1
-2 1
+2 1
cfn=(52)
calls=1 255 
* 518
+2 1
-2 1
+2 1
cfn=(52)
calls=1 255 
* 519
+2 4
-2 1
+2 2
cfn=(58) get_common_cache_info.constprop.0
calls=1 613 
* 228
* 2
990 1
-6 3
+6 1
-6 2
+6 2
-6 2
+6 1
-1 2
fe=(17)
-96 2
+4 1
771 3
563 4
777 5
+37 2
+3 2
+94 1
+1 2

fn=(40)
431 1
+4 4
+3 3
+5 2
-5 1
+5 1
-5 1
+4 1
+1 1
+1 4
+1 4
+1 3
+1 2
+7 2
+2 5
+5 1
-5 1
+5 1
-5 1
+5 1
-5 2
+5 1
+7 1
-7 4
+7 1
+1 3
+6 1
-6 4
+6 1
fi=(18) ./elf/../sysdeps/unix/sysv/linux/x86/dl-minsigstacksize.h
24 2
+3 2
+1 2
+37 3
+7 1
+2 1
fe=(17)
490 2

fl=(48)
fn=(238) _dl_assign_tls_modid
153 2
+3 6
+53 2
+2 2
+3 2
+1 4

fn=(272)
509 3
fi=(76) ./elf/./dl-tls_block_align.h
23 1
fe=(48)
+68 1
515 3
fi=(29)
56 1
cfi=(28)
cfn=(80) __minimal_malloc
calls=1 -19 
* 74
fe=(48)
517 2
fi=(76)
41 2
+6 4
+5 1
-5 1
+1 1
+4 304
fe=(48)
527 1
+2 2
cfn=(276) allocate_dtv
calls=1 -77 
* 53
+1 2
97 1
535 4

fn=(266)
125 1
+3 1
-3 2
+3 1
-3 2
+3 3
cfi=(11)
cfn=(28)
calls=1 441 
* 21
* 1
+1 4
cfi=(11)
cfn=(28)
calls=1 441 
* 21
+1 1
+2 1
-3 1
+1 2
+2 3
+3 1
+2 1
-26 3
+28 3
+1 5

fn=(440)
602 9
+1 2
+4 1
+6 1
-6 1
+6 1
cfi=(25)
cfn=(90) rtld_mutex_dummy
calls=1 45 
* 2
+3 3
+12 1
-18 1
+42 5
-19 12
+9 9
+1 6
+6 9
+3 3
-2 3
+2 3
-2 3
+6 3
-4 9
+4 3
-4 6
+3 6
+4 6
+1 12
+2 6
+1 6
+19 3
-10 3
+10 3
+2 12
cfi=(30)
cfn=(134) mempcpy
calls=3 198 
* 36
* 15
cfi=(45) ./string/../sysdeps/x86_64/multiarch/../multiarch/memset-vec-unaligned-erms.S
cfn=(138) memset
calls=3 138 
* 54
+3 3
+5 3
-5 3
+1 3
-55 12
+6 9
+59 2
cfi=(25)
cfn=(90)
calls=1 45 
* 2
+3 2
+3 9

fn=(268)
243 4
+35 1
-35 1
+37 3
-34 1
-1 1
-1 2
+63 9
+3 3
-3 15
+2 6
+10 3
-4 3
-34 3
-1 6
+1 2
-1 4
+3 15
+4 3
-1 3
+5 3
-5 3
+1 3
-1 3
+3 6
+2 9
fi=(75) ./elf/../sysdeps/unix/sysv/linux/dl-extra_tls.h
32 3
+12 1
-12 2
cfi=(11)
cfn=(28)
calls=1 441 
* 22
+1 3
+4 10
+14 4
cfi=(11)
cfn=(28)
calls=1 441 
* 22
+1 3
fe=(48)
342 6
+14 1
+91 1
-94 1
+2 1
-2 2
+3 6
+2 2
+90 6
fi=(75)
54 1
fe=(48)
336 3
+6 3

fn=(156)
222 2
+1 1
+15 2

fn=(436)
1164 6
-1 15
+1 6
+8 3
+3 3
+1 3
+4 9
+36 6
+10 3
-1 3
+1 12
-7 6
+1 9
+2 6

fn=(438)
1125 1
+3 4
+6 6
-6 9
+2 12
+1 8
+6 1
+1 1

fn=(276)
452 1
fi=(29)
44 1
fe=(48)
452 3
+5 1
+4 1
+1 1
fi=(29)
44 1
cfi=(28)
cfn=(76)
calls=1 +40 
* 34
fe=(48)
463 2
+3 1
+6 3
+6 4

fl=(50)
fn=(558) _dl_audit_preinit
119 4

fn=(212) _dl_audit_objopen
78 12

fn=(486)
45 12
+2 9
+4 3

fn=(936)
98 20

fn=(162)
29 7
+2 1
-1 1
-1 1
+2 2
+6 8

fl=(56) ./io/../sysdeps/unix/sysv/linux/read_nocancel.c
fn=(186) __read_nocancel
26 12
+1 3

fl=(7)
fn=(142) strsep
242 4
+2 2
+1 4
+4 3
-2 2
+4 28
+5 84
-2 56
+13 1
+4 4
-22 14
+15 14
-15 30

fn=(462) lookup_malloc_symbol
61 8
+3 4
-3 16
+3 4
-3 4
+3 8
-1 4
+1 12
cfi=(80)
cfn=(294)
calls=4 759 
* 2272
+4 28
+1 28
+2 4
fi=(131) ./elf/./dl-sym-post.h
-30 8
+12 12
fe=(7)
+19 24

fn=(458)
76 1
+10 1
fi=(130) ./elf/../sysdeps/generic/dl-hash.h
-41 1
fe=(7)
+31 1
fi=(130)
-32 1
fe=(7)
+32 5
+11 1
-1 1
fi=(130)
-43 6
+5 3
+14 4
-17 3
+3 15
+14 20
-17 15
fe=(7)
+46 2
fi=(130)
-24 1
fe=(7)
+22 1
+2 1
fi=(130)
-19 1
fe=(7)
+19 1
cfn=(462)
calls=1 -30 
* 614
+1 3
-1 1
+1 1
cfn=(462)
calls=1 -31 
* 603
+1 3
-1 1
+1 1
cfn=(462)
calls=1 -32 
* 601
+1 3
-1 1
+1 1
cfn=(462)
calls=1 -33 
* 618
+5 1
+1 1
+1 1
+1 1
+1 7

fn=(12)
43 2
+1 2
+1 2
+1 2
+1 1

fl=(60) ./misc/../sysdeps/unix/sysv/linux/setvmaname.c
fn=(196) __set_vma_name
35 7
-2 2
+7 1
-7 4
+7 1
-7 1
+7 2
cfi=(11)
cfn=(28)
calls=1 441 
* 22
* 3
+7 1
+2 5

fl=(67) ./io/../sysdeps/unix/sysv/linux/stat64.c
fn=(224) stat
28 3
+1 12
cfi=(68) ./io/../sysdeps/unix/sysv/linux/fstatat64.c
cfn=(226) fstatat
calls=3 146 
* 25

fl=(47)
fn=(160)
117 2

fn=(210)
41 4
-1 8
+4 8
+4 4

fn=(154)
56 1
+3 2
+4 1
+22 1
+10 1
-32 2
+1 1
+21 2
+5 2
+1 1
+4 1
-4 1
-1 1
+2 1
+3 1
+4 2
+8 2
-50 1
+4 2
+35 6

fl=(28)
fn=(76)
84 10
-4 40
+7 10
+1 30
fi=(29)
-32 10
cfi=(28)
cfn=(80)
calls=10 -19 
* 337
fe=(28)

fn=(152) __minimal_free
99 4

fn=(80)
37 29
-1 116
+1 58
+11 84
+3 28
-3 28
+3 56
-3 2
+3 1
-3 1
+3 110
+22 58
-3 29
+1 29
+2 58
-17 8
+1 4
+2 2
+1 14
cfi=(59)
cfn=(194)
calls=2 -10 
* 44
* 2
+2 4
+2 8
cfi=(60)
cfn=(196)
calls=2 -29 
* 49
+1 6
+2 2
+4 2
-4 4
-24 1
-1 1
+1 1
+1 2
-2 2

fl=(71) ./io/../sysdeps/unix/sysv/linux/pread64_nocancel.c
fn=(240) __pread64_nocancel
25 2
+1 8
+1 2

fl=(26)
fn=(72)
29 3
+3 22
+13 12
-13 24
+2 28
+1 8
+5 2
-3 2
+3 2
+2 2

fl=(59)
fn=(194)
50 32
-3 64
+6 32
+5 96
+2 48
-7 36

fl=(129) ./elf/./elf/dl-lookup-direct.c
fn=(456) check_match
31 21
+1 3
-1 6
+1 9
+1 9
+2 6
+1 6
+12 9
+3 6
+2 9
cfi=(33)
cfn=(96)
calls=3 +78 
* 186
* 6
+4 6
+1 18
+1 9
cfi=(33)
cfn=(96)
calls=3 +72 
* 118
+5 6
-24 6
+24 6
-24 3
+24 9

fn=(454) _dl_lookup_direct
74 30
+1 3
-1 3
+2 6
+2 9
+37 3
-37 9
+1 6
+2 9
+3 25
+2 3
+1 9
-1 3
+1 3
-1 3
+1 3
cfn=(456)
calls=3 -56 
* 457
* 3
+3 6
+3 6
+23 27

fl=(64)
fn=(206)
26 16
+1 4

fl=(126)
fn=(442)
578 3
+3 1
+2 2
+13 1
cfn=(446) _dlfo_process_initial
calls=1 -91 
* 110
+1 1
-1 1
+1 1
fi=(29)
56 1
cfi=(28)
cfn=(80)
calls=1 -19 
* 24
fe=(126)
597 1
fi=(29)
56 1
fe=(126)
599 2
+3 2
+5 1
+1 1
cfn=(446)
calls=1 505 
* 366
+3 3
+10 4
-37 2
cfi=(127) ./elf/./dl-find_object.h
cfn=(444) _dl_find_object_from_map
calls=1 95 
* 64
* 1
+29 2
cfn=(448) _dlfo_sort_mappings
calls=1 -59 
* 134
+3 6
+2 1

fn=(448)
554 2
+3 5
+4 1
+1 1
-1 1
+1 2
-1 2
+1 2
-1 2
+1 16
+1 30
+3 3
-1 3
-3 18
+8 9
+1 6
-1 3
-13 6
+14 9
+1 6
-15 6
+17 1

fn=(446)
505 12
+1 2
+3 4
+5 12
+10 6
-9 6
+1 10
-1 20
+3 36
+3 32
-7 8
+34 6
-2 2
+2 8
-24 16
+5 24
+3 4
-1 4
+1 4
-1 8
cfi=(127)
cfn=(444)
calls=4 95 
* 236
+2 16

fl=(33)
fn=(96)
131 388
+1 388
+2 388
+1 388
+21 388
+1 388
+1 327
+1 327
+1 260
+1 260
+1 260
+1 260
+17 260
+1 260
+1 260
+1 260
+1 260
+1 260
+1 260
+5 21
+1 21
+9 21
+1 21
+1 21
+1 21
+1 21
+1 21
+1 21
+1 21
-7 128
+1 128
+1 128
+1 128
+1 128
+1 128
+1 128
+1 128
+1 143
+1 74
+1 74
+1 74
+2 74
+1 74
+1 74
+1 74
+1 74
+1 74
-5 69
+1 69
+1 69
+1 69
+1 69
+1 69
+10 6
+1 6
+1 6
+2 6
+6 6
+1 6
+1 6
+1 6
+1 6
+5 6
+2 4
+1 4
+1 8
+8 4
+1 4
+3 4
+1 4
+1 4
+1 4
+1 4
+1 4
424 8
+1 8
+1 8
+1 8
+1 8
+2 8
+1 8
+1 8
+1 8
+1 8
+1 8
+1 8
+1 1
+3 1
+1 1
+1 1
+6 1
+1 1
+1 2
+4 1
+1 1
+3 1
+1 1
+1 1
+2 1
+1 1
+1 1
+4 1
+1 1
+1 1
+1 1
+1 1
+1 1
+69 3
+1 3
+1 3
+1 3
+1 3
+2 3
+1 3
+1 3
+1 3
+1 3
+1 3
+1 3
+1 3
+4 3
+1 3
+1 3
+6 3
+1 3
+1 6
+4 3
+1 3
+3 3
+1 3
+1 3
+2 3
+1 3
+1 3
+4 3
+1 3
+1 3
+1 3
+1 3
+1 3
+69 3
+1 3
+1 3
+1 3
+1 3
+2 3
+1 3
+1 3
+1 3
+1 3
+1 3
+1 3
+1 1
+4 1
+1 1
+1 1
+6 1
+1 1
+1 2
+4 1
+1 1
+3 1
+1 1
+1 1
+2 1
+1 1
+1 1
+4 1
+1 1
+1 1
+1 1
+1 1
+1 1
+69 3
+1 3
+1 3
+1 3
+1 3
+2 3
+1 3
+1 3
+1 3
+1 3
+1 3
+1 3
+1 3
+4 3
+1 3
+1 3
+6 3
+1 3
+1 6
+4 3
+1 3
+3 3
+1 3
+1 3
+2 3
+1 3
+1 3
+4 3
+1 3
+1 3
+1 3
+1 3
+1 3
+69 15
+1 15
+1 15
+1 15
+1 15
+2 15
+1 15
+1 15
+1 15
+1 15
+1 15
+1 15
+1 15
+4 15
+1 15
+1 15
+6 15
+1 15
+1 30
+4 15
+1 15
+3 15
+1 15
+1 15
+2 15
+1 15
+1 15
+4 15
+1 15
+1 15
+1 15
+1 15
+1 15
+69 4
+1 4
+1 4
+1 4
+1 4
+2 4
+1 4
+1 4
+1 4
+1 4
+1 4
+1 4
+1 4
+4 4
+1 4
+1 4
+6 4
+1 4
+1 8
+4 4
+1 4
+3 4
+1 4
+1 4
+2 4
+1 4
+1 4
+4 4
+1 4
+1 4
+1 4
+1 4
+1 4
+69 15
+1 15
+1 15
+1 15
+1 15
+2 15
+1 15
+1 15
+1 15
+1 15
+1 15
+1 15
+1 11
+4 11
+1 11
+1 11
+6 11
+1 11
+1 22
+4 11
+1 11
+3 11
+1 11
+1 11
+2 11
+1 11
+1 11
+4 11
+1 11
+1 11
+1 11
+1 11
+1 11
+69 6
+1 6
+1 6
+1 6
+1 6
+2 6
+1 6
+1 6
+1 6
+1 6
+1 6
+1 6
+1 6
+4 6
+1 6
+1 6
+6 6
+1 6
+1 12
+4 6
+1 6
+3 6
+1 6
+1 6
+2 6
+1 6
+1 6
+4 6
+1 6
+1 6
+1 6
+1 6
+1 6
+7 1
+1 1
+2 1
+1 1
+2 1
+1 1
+1 1
+2 1
+1 1
+1 1
+4 1
+1 1
+1 1
+1 1
+1 1
+1 1
+41 15
+1 15
+1 15
+1 15
+1 15
+2 15
+1 15
+1 15
+1 15
+1 15
+1 15
+1 15
+1 6
+4 6
+1 6
+1 6
+6 6
+1 6
+1 12
+4 6
+1 6
+3 6
+1 6
+1 6
+2 6
+1 6
+1 6
+4 6
+1 6
+1 6
+1 6
+1 6
+1 6
+7 4
+1 4
+2 4
+1 4
+2 4
+1 4
+1 4
+2 4
+1 4
+1 4
+4 4
+1 4
+1 4
+1 4
+1 4
+1 4
+41 9
+1 9
+1 9
+1 9
+1 9
+2 9
+1 9
+1 9
+1 9
+1 9
+1 9
+1 9
+1 5
+4 5
+1 5
+1 5
+6 5
+1 5
+1 10
+4 5
+1 5
+3 5
+1 5
+1 5
+2 5
+1 5
+1 5
+4 5
+1 5
+1 5
+1 5
+1 5
+1 5
+7 1
+1 1
+2 1
+1 1
+2 1
+1 1
+1 1
+2 1
+1 1
+1 1
+4 1
+1 1
+1 1
+1 1
+1 1
+1 1
+41 25
+1 25
+1 25
+1 25
+1 25
+2 25
+1 25
+1 25
+1 25
+1 25
+1 25
+1 25
+1 7
+4 7
+1 7
+1 7
+6 7
+1 7
+1 14
+4 7
+1 7
+3 7
+1 7
+1 7
+2 7
+1 7
+1 7
+4 7
+1 7
+1 7
+1 7
+1 7
+1 7
+69 8
+1 8
+1 8
+1 8
+1 8
+2 8
+1 8
+1 8
+1 8
+1 8
+1 8
+1 8
+1 4
+4 4
+1 4
+1 4
+6 4
+1 4
+1 8
+4 4
+1 4
+3 4
+1 4
+1 4
+2 4
+1 4
+1 4
+4 4
+1 4
+1 4
+1 4
+1 4
+1 4
+7 1
+1 1
+2 1
+1 1
+2 1
+1 1
+1 1
+2 1
+1 1
+1 1
+4 1
+1 1
+1 1
+1 1
+1 1
+1 1
+41 12
+1 12
+1 12
+1 12
+1 12
+2 12
+1 12
+1 12
+1 12
+1 12
+1 12
+1 12
+1 10
+4 10
+1 10
+1 10
+6 10
+1 10
+1 20
+4 10
+1 10
+3 10
+1 10
+1 10
+2 10
+1 10
+1 10
+4 10
+1 10
+1 10
+1 10
+1 10
+1 10
+69 17
+1 17
+1 17
+1 17
+1 17
+2 17
+1 17
+1 17
+1 17
+1 17
+1 17
+1 17
+2 12
+4 12
+1 12
+1 12
+6 12
+1 12
+2 24
+4 12
+1 12
+3 12
+1 12
+1 12
+2 12
+1 12
+1 12
+4 12
+1 12
+1 12
+1 12
+1 12
+1 12
+7 1
+1 1
+2 1
+1 1
+2 1
+1 1
+1 1
+2 1
+1 1
+1 1
+4 1
+1 1
+1 1
+1 1
+1 1
+1 1
+43 92
+2 92
+1 92
+1 92
+1 92
-3 57
+1 57
+1 57
+1 57
+1 148
+5 74
+6 74
+1 74
+8 74
+1 74
-16 314
+6 314
+1 314
+8 314
+1 314

fn=(262)
125 1
+1 1
+1 1
+1 1
+1 1
+2 1
+1 1
+2 1
+1 1
+21 1
+1 1
+44 1
+1 1
+1 1
+1 1
+1 1
+1 1
+1 1
+1 1
+1 1
+1 1
+1 1
+1 1
+2 1
+1 1
+1 1
+1 1
+1 1
+1 1
542 1
+1 1
+1 1
+1 1
+1 1
+2 1
+1 1
+1 1
+1 1
+1 1
+1 1
+1 1
2095 1
+1 1
+1 1
+1 1
+1 2
+5 1
+3 1
+1 1
+2 1
+1 1
+8 1
+1 1

fl=(39) ./elf/./elf/dl-hwcaps.c
fn=(130) copy_hwcaps
74 6
+6 2
-6 2
+6 2
-6 4
fi=(42) ./elf/./dl-hwcaps.h
-31 2
+2 4
+32 2
+1 2
+1 6
fe=(39)
+1 4
-1 2
+1 8
cfi=(30)
cfn=(134)
calls=2 198 
* 24
+4 2
+2 2
+2 2
-3 2
+1 4
+1 4
+1 2
-11 4
cfi=(41) ./elf/./elf/dl-hwcaps_split.c
cfn=(116) _dl_hwcaps_split_masked
calls=2 -26 
* 135
* 4
cfi=(41)
cfn=(116)
calls=2 -26 
* 167
* 8
+13 12

fn=(110) _dl_important_hwcaps
172 5
+3 1
-3 1
+3 1
-3 7
+2 1
cfi=(19)
cfn=(112) _dl_hwcaps_subdirs_active
calls=1 31 
* 48
+1 1
fi=(42)
43 1
fe=(39)
174 1
fi=(42)
45 2
+32 1
+1 1
+1 1
fe=(39)
-27 2
cfi=(41)
cfn=(116)
calls=1 -1 
* 21
* 2
fi=(42)
-9 1
+35 1
-35 1
+34 1
-32 1
+32 1
+2 1
fe=(39)
-24 2
-1 2
+1 2
+2 4
-5 4
cfi=(41)
cfn=(116)
calls=2 -1 
* 135
* 2
cfi=(41)
cfn=(116)
calls=1 -1 
* 146
* 6
+48 4
fi=(29)
-44 2
cfi=(28)
cfn=(80)
calls=1 -19 
* 24
fe=(39)
+46 2
-2 1
+2 1
fi=(42)
-59 1
fe=(39)
+62 1
+3 2
fi=(42)
-63 1
-2 1
+3 1
fe=(39)
+66 2
cfi=(41)
cfn=(118) _dl_hwcaps_split
calls=1 -87 
* 11
* 2
fi=(42)
-69 1
+35 1
-35 1
+34 1
-32 1
+32 1
+2 1
fe=(39)
+48 10
+1 4
+1 2
+1 2
-1 2
-4 4
cfi=(41)
cfn=(116)
calls=2 -74 
* 135
* 2
cfi=(41)
cfn=(116)
calls=1 -74 
* 146
* 6
+8 3
+9 5
+3 8
-2 7
+8 2
+4 2
-4 3
+4 2
cfi=(44) ./string/../sysdeps/x86_64/multiarch/../multiarch/memcmp-sse2.S
cfn=(126) bcmp
calls=1 -84 
* 18
+1 2
+1 1
+4 1
+1 1
+1 1
-20 3
+19 1
+1 1
-20 3
-1 8
+47 2
-4 1
+4 1
-3 1
+7 1
-7 2
+7 1
fi=(29)
56 1
cfi=(28)
cfn=(80)
calls=1 -19 
* 24
* 1
fe=(39)
194 2
+8 1
+1 5
-1 3
+1 2
cfn=(130)
calls=1 74 
* 45
+1 5
cfn=(130)
calls=1 74 
* 373
* 1
+4 1
+1 1
-1 1
+5 2
+3 9

fl=(21)
fn=(52)
255 24
-5 12
+17 24
-17 72
+11 12
+1 12
+5 36
+4 24
+34 96
-29 12
+3 24
-3 12
+3 36
cfn=(54) intel_check_word.constprop.0
calls=12 123 
* 4044
+2 24
+3 60
cfn=(54)
calls=12 123 
* 1322
+2 24

fn=(58)
613 3
+47 1
-47 1
+15 1
-15 3
+47 1
-47 3
+18 1
+12 2
-11 1
+28 2
+4 2
-26 1
+31 1
-14 1
+17 1
-32 3
+32 1
-32 1
+32 3
+10 26
+14 2
+4 1
+3 1
+1 1
-4 2
+3 3
+6 2
-37 12
+6 6
-6 3
+6 2
+1 8
812 4
+1 5
+4 2
+7 1
+3 1
-2 1
+2 1
-1 1
+1 5
687 2
+4 1
+1 1
-1 2
+18 2
-69 7
+75 4
+8 1
+2 1
-2 5
+2 2
-2 2
+22 2
-16 1
+16 4
+5 3
-21 3
+3 1
+1 2
-4 3
+3 1
+1 6
+2 4
+3 2
+5 1
+2 2
+1 1
+1 1
-2 2
+1 1
-19 8
+46 2
+2 1
-1 1
+1 2
+2 2
-1 2
+25 3
-48 2
-7 1
+11 2
+3 1
+2 4
+1 2
+5 2

fn=(54)
123 48
-4 24
+10 48
-10 48
+10 48
-10 48
+10 24
-10 24
+10 24
+2 48
+71 48
+14 24
-14 120
-71 96
+2 60
+2 120
+8 120
+51 96
+22 144
fi=(22) ./elf/../bits/stdlib-bsearch.h
28 144
fe=(21)
+82 96
+3 588
fi=(22)
-87 648
+2 828
fe=(21)
+82 552
+15 12
246 144
fi=(22)
44 60
-1 60
+3 120
fe=(21)
155 36
+3 36
+9 12
-12 12
+12 12
+1 24
+1 24
+1 24
-18 24
+12 24
+1 24
+22 21
-32 63
+3 63
+4 64
+2 128
+3 58
+1 50
+1 38
+1 24
+2 11
+2 22
+6 14
+3 8
+1 12
-3 12
-5 4
+2 4
+1 4
-2 4
-1 4
+2 8
-2 4
+3 4
-2 12
+2 12
+11 2

fl=(30)
fn=(134)
198 19
+1 19
+1 19
+17 19
+1 19
+2 7
+1 7
+1 7
+2 5
+1 5
+1 5
+2 5
+80 12
+1 12
+2 3
+4 3
+1 3
+1 3
+8 3
+39 9
+1 9
+1 9
+1 9
+1 9
+7 2
+1 2
+1 2
+1 2
+1 2
+1 2
+1 2
+11 2
+1 2
+2 2
+1 2
+1 2

fn=(84)
211 21
+6 21
+1 21
+2 14
+1 14
+1 14
+2 6
+1 6
+1 6
+2 6
+80 7
+1 7
+2 1
+4 1
+1 1
+1 1
+1 1
+1 1
+4 1
+2 1
+39 6
+1 6
+1 6
+1 6
+1 6
+7 8
+1 8
+1 8
+1 8
+1 8
+1 8
+1 8
+11 8
+1 8
+2 8
+1 8
+1 8

fl=(9)
fn=(18) _dl_sysdep_parse_arguments
79 1
+2 1
-2 7
+1 1
+1 1
-1 1
+2 2
+2 1
-2 1
+2 2
-1 1
+1 2
-1 13
+1 26
+7 2
-4 1
+4 54
fi=(10) ./elf/../sysdeps/unix/sysv/linux/dl-parse_auxv.h
-49 1
-9 1
fe=(9)
+54 1
fi=(10)
-54 1
+1 1
+1 1
+7 4
+1 44
+1 44
-2 88
+23 1
fe=(9)
+30 1
fi=(10)
-30 2
fe=(9)
+29 1
fi=(10)
-29 1
fe=(9)
+30 1
+1 1
fi=(10)
-31 1
-18 1
+20 1
-19 1
+19 1
-18 2
+1 1
+1 1
+1 1
+1 1
+1 1
+1 1
+2 1
+10 1
-18 1
fe=(9)
+46 1
fi=(10)
-45 1
+1 1
+1 1
+1 1
-5 1
+6 1
+3 1
-11 1
+1 1
+8 1
+12 1
-2 1
fe=(9)
+29 1
+1 1
+1 1
+1 8

fn=(484)
149 1

fn=(16)
103 3
+1 1
+3 2
cfn=(18)
calls=1 -28 
* 351
+4 2
cfi=(11)
cfn=(22) __GI___tunables_init
calls=1 300 
* 3943
+3 1
cfi=(13)
cfn=(26) _dl_sort_maps_init
calls=1 289 
* 33
+2 2
cfi=(14) ./elf/../sysdeps/unix/sysv/linux/brk_call.h
cfn=(30) brk
calls=1 -92 
* 7
fi=(6)
+93 1
cfi=(16) ./elf/../sysdeps/x86/dl-get-cpu-features.c
cfn=(36) _dl_x86_init_cpu_features
calls=1 39 
* 7277
fe=(9)
-86 3
+1 1
cfi=(23)
cfn=(64)
calls=1 -23 
* 16
* 1
+2 2
cfi=(24)
cfn=(66)
calls=1 -89 
* 14
* 3
+12 3
+3 5
cfi=(2)
cfn=(68)
calls=1 1360 
* 176671
+3 4

fl=(132)
fn=(466)
29 2
-2 1
+6 3
-6 1
+6 3
-6 1
+6 1
cfi=(129)
cfn=(454)
calls=1 +41 
* 244
+4 2
+2 4
+2 1
-1 1
+1 2
-1 1
cob=(2)
cfi=(133) ./elf/./elf/libc_early_init.c
cfn=(468) __libc_early_init
calls=1 -6 
* 333

fl=(141) ./elf/./elf/dl-init.c
fn=(496) call_init
29 12
-2 48
+8 24
+2 12
+6 5
+3 5
-3 10
+3 10
+5 8
+8 12
+1 12
cob=(3)
cfi=(138)
cfn=(520) 0x000000000484a000
calls=1 -60 
* 6
cob=(3)
cfi=(138)
cfn=(498) 0x000000000483b000
calls=1 -60 
* 6
+3 4
+1 8
+6 6
+2 6
-2 3
+3 21
+1 12
cob=(5)
cfi=(148)
cfn=(526)
calls=1 -74 
* 12
cob=(2)
cfi=(147) ./libio/./libio/stdfiles.c
cfn=(518) _IO_stdfiles_init
calls=1 -7 
* 22
cob=(2)
cfi=(146) ./libio/./libio/vtables.c
cfn=(516) check_stdfiles_vtables
calls=1 546 
* 11
* 12
cob=(5)
cfi=(148)
cfn=(524)
calls=1 -74 
* 361
cob=(2)
cfi=(143) ./csu/./csu/init-first.c
cfn=(508) _init_first
calls=1 -28 
* 64
cob=(4) /usr/libexec/valgrind/vgpreload_core-amd64-linux.so
cfi=(142) ???
cfn=(502) 0x0000000000001100
calls=1 -74 
* 12
-1 18
+3 36
-29 2

fn=(494) _dl_init
81 11
+1 1
+1 1
+3 3
+8 2
+25 1
+1 6
+1 5
-1 1
+1 1
cfn=(496)
calls=1 -92 
* 36
* 20
-1 4
+1 4
cfn=(496)
calls=4 -92 
* 666
-1 10
+7 8
-39 1
cfn=(496)
calls=1 -59 
* 78
+1 2

fl=(128)
fn=(452)
30 1
+10 3
-10 1
+10 1
-10 1
+7 1
+3 3
cfi=(129)
cfn=(454)
calls=1 +34 
* 199
+4 2
+1 8
+2 3
-2 1
+2 3
cfi=(129)
cfn=(454)
calls=1 +27 
* 183
+4 2
+1 6
+1 2
-1 1
+1 2

fl=(1) ???
fn=(0) 0x000000000001d280
0 2
cfi=(2)
cfn=(2)
calls=1 519 
0 188999
0 10
cfi=(141)
cfn=(494)
calls=1 81 
0 861
0 3
cob=(6) /app/target/release/demo
cfi=(149) ???
cfn=(534) (below main)
calls=1 0 
0 332482

fl=(52)
fn=(172) _dl_catch_exception
208 14
58 7
208 21
+3 14
+21 7
+1 14
-1 7
58 14
239 21
cfi=(53)
cfn=(174)
calls=7 33 
* 133
* 14
+2 21
cfi=(66)
cfn=(218) openaux
calls=6 61 
* 10943
cfi=(2)
cfn=(176)
calls=1 641 
* 2483
69 7
+1 7
-1 7
+1 7
243 28
-25 7
+34 21
59 14
+11 21

fn=(254)
190 5
58 1
192 1
58 1
+1 1
+11 1
196 1
+2 1
cfi=(2)
cfn=(256)
calls=1 674 
* 11338
69 2
+1 1
201 1
+1 4

fn=(170)
258 9
+2 2
cfn=(172)
calls=1 -52 
* 2541
+1 2
+1 1
+1 1
-1 1
+1 1
+2 5

fl=(25)
fn=(90)
45 20

fn=(280)
69 2
fi=(231) ./elf/../include/list.h
-25 1
fe=(25)
+25 1
fi=(231)
-26 1
fe=(25)
+27 1
+3 1
fi=(231)
-30 1
+1 1
+1 1
+2 1
fe=(25)
+29 4
+1 2
+1 1
+5 2
+5 1
+6 1
-3 1
+3 1
-6 3
+6 1
+16 4
cfi=(11)
cfn=(28)
calls=1 441 
* 22
fi=(78) ./elf/../sysdeps/unix/sysv/linux/rseq-internal.h
-10 1
-7 1
+7 2
+24 1
fe=(25)
-12 1
+6 2
+1 4
fi=(78)
-11 2
-15 1
+15 2
-15 1
+19 3
cfi=(45)
cfn=(138)
calls=1 +26 
* 12
* 1
+4 1
+2 5
+1 2
fe=(25)

fn=(70)
54 2
+3 8
+5 1
-5 1
+5 1
+1 1
-6 1
+8 1

fl=(16)
fn=(36)
39 3
+2 1
cfi=(17)
cfn=(38)
calls=1 724 
* 7273

fn=(450) __x86_cpu_features
39 3
+37 2

fl=(43) ./string/../sysdeps/x86_64/multiarch/../multiarch/strchr-sse2.S
fn=(122) index
33 20
+1 20
+1 20
+1 20
+1 20
+1 20
+1 20
+1 20
+1 20
+1 20
+1 20
+1 20
+1 20
+1 20
+1 20
+1 20
+1 20
+1 16
+4 16
+1 16
+1 16
+1 16
+2 16
+4 4
+1 4
+1 4
+1 4
+1 4
+1 4
+1 4
+1 4
+1 4
+1 4
+1 4
+1 4
+1 4
+1 4
+1 4
+1 4
+1 4
+1 4
+1 4
+1 4
+1 4
+1 4
+1 4
+1 4
+52 4
+4 4
+1 4
+1 4
+1 4
+2 4

fl=(51)
fn=(166)
32 3
+1 3
+1 2
+5 6
+1 4
+1 4
+1 4
+2 1
+3 3
+1 2
-1 6
+1 4
+3 4
+1 4
+1 4
+1 4
+2 5
+6 1
-1 1
+1 1
+2 2
-1 2
+2 1
+2 6
-5 12
-1 12
+1 12
+2 24
-1 24
+2 12
+2 72
+2 1
+1 4
+1 3

fl=(46) ./string/./string/strdup.c
fn=(148) strdup
40 16
+1 4
cfi=(23)
cfn=(64)
calls=4 +60 
* 118
* 4
fi=(232) ./string/../include/rtld-malloc.h
+15 8
cfi=(28)
cfn=(80)
calls=4 -19 
* 96
fe=(46)
-12 8
+4 4
-1 12
+1 8
-1 4
cfi=(30)
cfn=(84)
calls=4 211 
* 56

fl=(13)
fn=(250)
298 22
+8 2
-8 2
+8 4
-95 2
-28 2
-2 2
+1 4
+29 2
-28 8
+1 2
-1 2
+1 2
-1 4
+1 8
-1 8
+1 8
-1 16
+28 2
+8 6
-8 8
+8 4
-1 2
-2 2
+3 2
-8 2
+5 2
+5 26
+2 10
-83 50
cfn=(252) dfs_traversal.part.0
calls=10 -5 
* 385
+86 30
+18 8
+32 8
+7 2
+27 16
-47 8
cfi=(30)
cfn=(84)
calls=2 -52 
* 36
* 2

fn=(252)
135 80
+10 10
-2 10
+2 20
+2 28
-7 34
+7 68
+9 20
+15 30
+1 10
+1 60
-17 15

fn=(26)
289 1
+1 4
cfi=(11)
cfn=(28)
calls=1 441 
* 22
+2 3
-1 1
+2 2

fl=(14)
fn=(30)
24 2
fi=(15) ./elf/../sysdeps/unix/sysv/linux/brk.c
+13 1
+1 2
+6 1
+1 1
fe=(14)

fl=(27)
fn=(74)
59 52
+3 8
+21 3
-3 3
+3 3
cfi=(23)
cfn=(64)
calls=3 +18 
* 66
+4 6
-4 3
+9 3
-9 9
fi=(29)
-39 6
cfi=(28)
cfn=(76)
calls=3 +40 
* 193
fe=(27)
+39 1
fi=(29)
-39 2
cfi=(28)
cfn=(76)
calls=1 +40 
* 40
* 4
fe=(27)
+51 8
+5 4
+4 4
-6 4
+2 4
+4 4
-5 4
+4 4
+1 4
-1 4
+1 8
cfi=(30)
cfn=(84)
calls=4 211 
* 51
* 8
+2 4
+13 8
+6 1
+2 7
+3 2
-3 21
+3 6
+2 4
+4 4
+3 16
fi=(4)
1334 3
fe=(27)
139 2
+2 1
-2 2
fi=(4)
1334 45
fe=(27)
139 30
+2 15
-2 30
+16 8
-5 4
+5 4
-6 4
+6 4
-6 4
+6 8
+2 6
+3 6
-3 6
+7 12
+4 9
+8 1
+3 2
+10 3
-10 6
+10 9
+2 3
+21 3
-21 3
cfi=(23)
cfn=(64)
calls=3 -90 
* 102
* 9
+17 3
-13 9
+50 9
cfi=(30)
cfn=(134)
calls=3 -47 
* 52
* 3
+5 6
+1 6
-1 108
+1 108
+4 6
+1 3
+3 3
+4 36
131 8
-8 3
-4 6
+34 1
+7 4
+8 12
fi=(29)
56 6
cfi=(28)
cfn=(80)
calls=3 -19 
* 72
* 3
fe=(27)
200 6
-1 6
64 2
+2 3
+1 2
+4 6
+6 2

fn=(88)
31 4
+2 4
-2 8
+2 4
-2 8
+2 4
cfi=(25)
cfn=(90)
calls=4 +12 
* 8
+2 35
+3 36
+2 3
+2 3
+4 3
+4 3
-4 6
+1 6
+1 3
+3 3
-3 3
+3 6
-1 3
cfi=(25)
cfn=(90)
calls=3 -5 
* 6
-4 1
+4 1
-4 2
+1 2
+1 1
+3 1
-3 1
+3 2
-1 1
cfi=(25)
cfn=(90)
calls=1 -5 
* 2
-5 2

fl=(65)
fn=(214)
27 7
+4 1

fl=(224)
fn=(910)
24 20
+4 10
+6 5
-2 5
+3 10
+3 3
+1 3
-1 3
+1 6
+3 15
+1 3
cob=(5)
cfi=(148)
cfn=(956)
calls=1 -43 
* 39
cob=(4)
cfi=(142)
cfn=(938) 0x00000000000010c0
calls=1 -43 
* 90
cob=(6)
cfi=(149)
cfn=(912) 0x0000000000017f60
calls=1 -43 
* 90
* 1
cob=(5)
cfi=(148)
cfn=(968)
calls=1 -43 
* 90
-1 16
+5 5
+1 10
+1 3
+1 3
-1 3
+1 6
-1 3
cob=(3)
cfi=(138)
cfn=(984) 0x000000000486cf98
calls=1 -49 
* 3
cob=(3)
cfi=(138)
cfn=(954) 0x000000000483b284
calls=1 -49 
* 3
cob=(3)
cfi=(138)
cfn=(934) 0x0000000000161178
calls=1 -49 
* 3
+1 8

fl=(41)
fn=(116)
51 44
+3 22
cfn=(118)
calls=11 -29 
* 469
* 6
cfn=(118)
calls=3 -29 
* 180
* 28
+2 9
+1 27
+1 42
cfn=(124) _dl_hwcaps_contains
calls=6 +9 
* 24
* 12
+4 22

fn=(124)
67 12
+1 6
+9 6

fn=(118)
25 45
+1 45
+4 36
+4 60
+1 12
-1 24
+2 24
+5 27
cfi=(43)
cfn=(122)
calls=9 -8 
* 207
+4 18
-3 18
+1 9
+4 9
-1 9
+1 33
-20 6
+20 18
-4 6
cfi=(23)
cfn=(64)
calls=3 +58 
* 48
* 6

fl=(11)
fn=(28)
441 370
+9 36
-9 72
+19 20
+7 222
+2 37
-19 17
+1 17
+9 2

fn=(22)
300 3
-6 1
+10 2
-10 8
+10 31
+2 1
43 75
+6 14
-3 14
+3 945
+4 28
+4 28
fi=(12) ./elf/./elf/dl-tunables.h
160 14
fe=(11)
57 28
fi=(12)
161 48
-1 74
+1 62
fe=(11)
319 98
+1 14
+2 42
-3 784
+1 112
+2 336
-5 392
fi=(12)
160 135
+1 540
-1 45
fe=(11)
340 5
-95 2
+98 27
+3 27
+9 8

fn=(62) do_tunable_update_val
70 12
+3 30
+21 6
+1 6
-1 18
+1 24
fi=(12)
+47 12
fe=(11)
-44 12
+3 12
+4 12
+8 12
+3 6
+1 6
+1 6
+1 12
-18 6
-18 6
+18 12
+11 12

fn=(60)
163 36
+2 6
cfn=(62)
calls=6 -95 
* 222

fl=(69)
fn=(228) _dl_load_cache_lookup
387 10
+2 4
+3 6
+69 3
+5 6
+3 10
cfn=(234) search_cache
calls=2 199 
* 1834
* 2
+15 4
+4 4
+8 4
cfi=(23)
cfn=(64)
calls=2 101 
* 68
+2 2
-2 2
+1 10
+1 2
cfi=(30)
cfn=(84)
calls=2 211 
* 28
* 2
+1 2
cfi=(46)
cfn=(148)
calls=2 40 
* 178
+1 6
395 5
cfi=(54)
cfn=(230)
calls=1 36 
* 89
* 1
+8 6
+1 8
+3 4
+1 1
-1 2
fi=(70) ./elf/../sysdeps/generic/dl-cache.h
194 1
+1 5
fe=(69)
415 1
+1 2

fn=(234)
199 20
+8 10
+3 2
-10 6
333 6
207 12
+2 80
+1 16
-23 32
+23 16
+4 32
+4 48
cfn=(236) _dl_cache_libcmp
calls=16 342 
* 1198
+1 32
330 14
+1 8
207 16
+8 20
+14 4
+3 4
+2 8
cfn=(236)
calls=2 342 
* 154
* 4
-7 8
+46 6
-37 6
+37 6
-27 4
+10 6
+1 8
+7 4
+9 2
fi=(70)
125 2
fe=(69)
273 8
+9 4
+5 4
+27 6
+23 18

fn=(236)
342 54
+4 94
-2 94
+2 94
-2 188
+20 184
+2 184
-24 76
+28 76
+1 76
-29 152
+4 4
+8 2
-2 4
+1 4
+1 4
-2 2
+2 2
+2 6
-3 2
+3 2
+2 4
cfn=(237) _dl_cache_libcmp'2
calls=2 -16 
* 12
+9 32

fn=(237)
342 6
+32 6

fn=(488)
510 4
-1 1
+3 2
cfi=(125)
cfn=(490)
calls=1 117 
* 5
+1 1
+4 1
+2 2

fl=(66)
fn=(216)
143 4
+1 1
-1 1
+1 1
-1 2
+1 1
-1 1
+1 1
-1 1
+1 1
-1 4
+1 1
-8 1
+8 2
-8 1
-6 1
+6 1
-8 1
+16 1
-15 1
+1 1
+6 1
+24 4
-28 4
-2 1
+31 1
-33 2
+2 2
+30 2
-30 1
-1 4
+7 4
+24 3
+28 3
-6 1
+50 1
-68 1
fi=(73) ./elf/../include/scratch_buffer.h
-87 2
fe=(66)
+87 1
fi=(73)
-86 1
fe=(66)
184 1
+48 4
-35 1
-4 1
+4 6
-4 4
+4 8
+11 14
-18 2
+18 4
417 10
+2 3
+3 3
-3 9
+3 3
fi=(29)
56 3
cfi=(28)
cfn=(80)
calls=3 -19 
* 72
fe=(66)
423 6
fi=(29)
56 3
fe=(66)
423 3
+6 3
+1 12
cfi=(30)
cfn=(84)
calls=3 211 
* 30
+1 15
cfi=(30)
cfn=(84)
calls=3 211 
* 30
+4 3
-1 3
+5 15
188 8
+22 12
+7 3
-2 3
+1 3
+1 3
+1 6
+3 12
+7 3
-9 3
+9 3
-38 3
+38 3
-38 12
+42 12
-2 6
+2 12
cfi=(52)
cfn=(172)
calls=6 -24 
* 11291
+1 12
+9 6
+2 12
+5 3
+6 3
+2 3
-8 6
+3 3
+1 3
+1 3
+1 3
+4 3
-3 3
+3 9
+4 18
+1 9
-43 340
+1 170
+6 24
cfi=(38)
cfn=(146) _dl_dst_count
calls=6 * 
* 312
* 30
+38 237
-45 9
fi=(73)
85 3
fe=(66)
448 5
+4 4
+11 6
fi=(29)
56 1
cfi=(28)
cfn=(80)
calls=1 -19 
* 24
fe=(66)
465 4
fi=(29)
56 1
fe=(66)
465 1
+5 2
+2 1
-2 1
+1 1
-1 1
+4 1
-4 1
+4 5
+4 15
+6 5
+1 10
-1 5
+6 5
-16 15
+21 3
+37 2
+15 1
-11 1
+11 1
-14 2
+20 1
-1 4
+1 4
-1 5
cfi=(13)
cfn=(250)
calls=1 298 
* 331
+5 1
+2 1
+1 1
+1 2
-2 1
+2 1
+7 3
+3 2
+3 8
442 12
-1 5
+1 10
183 6
449 2
198 32
+3 3
fi=(73)
-70 9
cfi=(72)
cfn=(246)
calls=3 30 
* 57
fe=(66)
+70 6
+4 6
547 4
cfi=(30)
cfn=(84)
calls=1 211 
* 18
* 3

fn=(218)
61 12
+7 6
-4 12
+1 6
-1 48
cfi=(38)
cfn=(178)
calls=6 1914 
* 10841
* 6
+5 12

fl=(19)
fn=(112)
31 1
fi=(40) ./elf/../sysdeps/x86_64/dl-hwcaps-subdirs.c
+7 1
fe=(19)
-8 4
fi=(40)
+22 1
fe=(19)
-20 3
+4 1
fi=(40)
+2 1
fe=(19)
-2 2
+3 4
+1 4
+5 1
fi=(40)
-7 1
fe=(19)
+7 3
fi=(40)
-2 1
fe=(19)
+5 2
+3 5
+2 4
+1 2
+1 2
+3 1
fi=(40)
-10 1
fe=(19)
+10 3

fl=(44)
fn=(126)
71 1
+1 1
+22 1
+1 1
+45 1
+1 1
+2 1
+1 1
+2 1
+1 1
+2 1
+1 1
+47 1
+1 1
+1 1
+1 1
+1 1
+1 1

fl=(127)
fn=(444)
95 10
+1 10
+1 5
+8 10
-2 5
+2 15
+1 133
+1 92
+2 15
+5 5

fl=(45)
fn=(138)
138 55
+5 11
+1 11
+3 5
+1 5
+2 1
+1 1
+1 1
+69 1
+1 1
+2 1
+12 4
+1 4
+12 4
+3 4
+1 4
+12 3
+1 3
+13 3
+1 3
+2 3
+3 2
+3 4
+3 2
+1 2
+1 2
+1 2
+1 2
+1 2
+1 2
-6 39
+1 39
+1 39
+1 39
+1 39
+1 39
+1 39
+3 3
+1 3
+1 3
+1 3
+5 3
+46 6
+2 6
+1 6
+39 6
+1 6
+2 6

fl=(68)
fn=(226)
146 3
-55 6
+70 7
+1 1
-2 4
+1 4

fl=(38)
fn=(146)
228 8
+3 8
-3 24
+7 8
-7 8
+3 8
cfi=(43)
cfn=(122)
calls=8 33 
* 280
+3 16
+20 56

fn=(208) _dl_notify_new_object
908 6
+2 3
-2 18
+2 3
cfi=(47)
cfn=(210)
calls=3 41 
* 18
* 3
+1 9
+22 21
-4 6
+7 3
-2 6
+2 12
-2 3
cfi=(50)
cfn=(212)
calls=3 78 
* 12

fn=(182) open_verify.constprop.0
1521 70
+32 7
-32 14
+32 14
+19 28
cfi=(55)
cfn=(184)
calls=7 31 
* 124
* 7
+2 14
+8 3
+1 6
+5 3
-5 3
+5 18
cfi=(56)
cfn=(186)
calls=3 26 
* 15
+4 3
-2 6
+2 6
+2 6
+6 6
+15 39
+81 6
+5 6
+6 12
+6 6
+6 3
+1 3
-1 9
+1 9
+26 63
-22 1
+1 2
-1 4
+1 1
cfi=(71)
cfn=(240)
calls=1 25 
* 6
* 2
1558 8
+57 3

fn=(178)
1914 70
+8 14
+1 28
+3 118
+5 140
+2 60
cfi=(54)
cfn=(180)
calls=20 68 
* 2307
* 40
+4 32
+1 48
+4 6
-1 30
+1 6
+1 6
-1 6
+1 12
cfi=(33)
cfn=(96)
calls=6 131 
* 246
* 12
2203 66
1958 9
-1 6
+12 3
-5 3
-48 3
+53 6
+14 9
cfi=(43)
cfn=(122)
calls=3 33 
* 69
* 6
2135 2
-1 3
cfn=(144) expand_dynamic_string_token
calls=1 375 
* 175
+6 1
-7 1
+1 1
+2 2
+4 8
cfn=(182)
calls=1 1521 
* 103
* 1
+3 2
+58 1
-46 4
+46 12
cfn=(188) _dl_map_object_from_fd
calls=1 949 
* 1781
-46 8
+46 24
cfn=(188)
calls=2 949 
* 4204
* 9
1987 4
cfi=(23)
cfn=(64)
calls=2 101 
* 32
* 4
+2 4
+7 8
+51 28
cfn=(222) open_path
calls=2 1759 
* 740
+6 2
-6 2
+6 4
+1 12
cfn=(220) cache_rpath
calls=2 655 
* 16
* 4
+8 4
+2 6
+4 4
cfi=(69)
cfn=(228)
calls=2 387 
* 2312
* 2
+2 4
+4 4
+31 2
-23 4
+23 16
cfn=(182)
calls=2 1521 
* 225
* 2
+4 4
+1 2
+17 4
2022 18
cfn=(220)
calls=2 655 
* 16
* 8
+9 4
+15 4
+1 4
-47 2
+1 2
+4 4
+3 22
-3 6
+1 12
cfn=(220)
calls=2 655 
* 16
* 4
+9 12
+5 4
+1 14

fn=(188)
949 30
+15 3
-15 6
+15 3
-15 6
+15 6
+79 12
+10 6
+7 21
cfi=(27)
cfn=(74)
calls=3 59 
* 1138
* 3
+1 6
+11 3
+5 3
-4 3
-1 3
+2 3
+4 3
-2 3
-2 3
+2 6
+1 9
+20 3
-2 3
+2 12
+10 3
-10 21
+10 6
+27 3
-33 3
-3 3
+2 3
-1 3
+35 3
+9 3
-50 3
+41 3
+9 3
-36 3
+63 18
-62 124
+26 84
+8 24
+1 12
-1 12
+1 48
+1 12
-1 12
+1 12
+2 12
-2 12
+2 12
+2 12
-4 12
+1 12
+3 12
-4 12
+4 60
+2 24
+13 51
+6 9
+1 81
-28 9
-35 27
+62 3
+1 27
-28 3
-35 69
+1 172
1220 3
1107 3
1220 6
1107 9
1225 24
+10 9
+1 3
-1 3
+1 3
-1 9
+1 9
-1 9
+1 9
-1 27
1073 6
1242 6
+10 12
+7 12
fi=(61) ./elf/./dl-map-segments.h
28 3
fe=(38)
1259 9
fi=(61)
28 6
+1 24
cfi=(59)
cfn=(194)
calls=3 +21 
* 72
+73 6
-1 3
-72 3
+73 3
+3 6
+1 3
+2 3
-3 3
+1 3
+2 3
+17 3
-44 3
fi=(62) ./elf/./dl-load.h
+10 24
fi=(61)
+58 48
+6 3
+2 3
-2 3
+3 3
-2 3
+2 3
-1 6
+3 9
+5 6
+3 9
+8 24
cfi=(45)
cfn=(138)
calls=3 -38 
* 354
* 9
+6 6
+12 12
-59 72
+2 36
+2 72
cfi=(59)
cfn=(194)
calls=9 -89 
* 153
* 27
fe=(38)
1183 6
+5 2
-1 4
+5 2
-5 4
-66 2
+71 8
+1 2
+3 2
-3 2
+8 8
+15 6
+1 3
-89 2
+1 1
-15 6
+7 3
+2 3
-2 3
+1 3
+1 3
-1 6
+1 24
fi=(57) ./elf/../sysdeps/posix/dl-fileid.h
37 9
cfi=(58)
cfn=(192)
calls=3 +2 
* 15
* 6
fe=(38)
994 3
fi=(57)
40 3
fe=(38)
994 9
fi=(57)
40 3
fe=(38)
994 45
+1 18
fi=(57)
49 24
fe=(38)
1468 27
1081 1
+1 2
-1 4
+1 3
cfi=(71)
cfn=(240)
calls=1 25 
* 6
* 3
fi=(62)
92 8
+2 2
-1 4
+1 2
-1 2
+1 2
-1 2
+1 2
-1 4
+3 8
fe=(38)
1013 6
1275 12
+1 9
fi=(63) ./elf/./elf/get-dynamic-info.h
39 6
+6 3
-2 3
+11 3
+1 3
-10 6
+8 3
+15 3
-23 12
+23 71
-23 284
+4 148
+3 20
-1 40
+3 68
+1 56
+1 15
+3 12
+13 12
+12 10
+1 12
+1 12
+1 12
+1 10
+1 11
+1 11
+1 12
+12 3
+7 3
-7 21
+7 6
+5 4
+7 4
+1 9
+6 9
+1 3
+17 9
+5 2
+2 2
+2 2
+2 2
+1 1
+3 9
+2 6
+1 4
+9 4
+6 4
+1 2
+3 6
fe=(38)
1282 6
+1 6
+2 15
+10 9
+19 6
+2 18
+20 9
+1 4
+6 24
+1 58
+6 4
cfn=(242) _dl_process_pt_gnu_property
calls=1 850 
* 54
-7 70
+1 35
+6 35
-6 70
fi=(31)
149 18
fi=(61)
+37 9
cfi=(59)
cfn=(194)
calls=1 50 
* 17
+3 3
fe=(38)
1282 2
+73 6
cfi=(64)
cfn=(206)
calls=3 26 
* 15
* 6
+13 6
+2 12
+2 6
+16 6
cfi=(8)
cfn=(14)
calls=3 28 
* 81
+4 6
+1 6
+17 6
+1 1
+3 1
+5 1
-5 1
+5 1
-5 2
+5 2
-5 2
+5 2
+5 6
+12 24
+10 6
+1 8
+5 4
cfi=(48)
cfn=(238)
calls=2 153 
* 18
+7 9
cfi=(27)
cfn=(88)
calls=3 31 
* 141
+3 6
+3 12
cfn=(208)
calls=3 908 
* 123
+2 3
-30 9
+2 2
-1 10
+1 2
-1 2
+1 2
-1 2
cfi=(33)
cfn=(96)
calls=2 131 
* 48
* 4
+2 5
fi=(63)
62 12
+2 12
fe=(38)

fn=(108)
680 10
+14 1
-14 2
+14 2
cfi=(39)
cfn=(110)
calls=1 172 
* 1341
fi=(29)
56 1
fe=(38)
694 1
fi=(29)
56 1
cfi=(28)
cfn=(80)
calls=1 -19 
* 24
fe=(38)

ob=(6)
fl=(149)
fn=(796) __rustc::__rust_alloc
0 6
cfn=(798) __rustc::__rdl_alloc
calls=6 0 
0 873

fn=(798)
0 54
cob=(2)
cfi=(173) ./malloc/./malloc/malloc.c
cfn=(614) malloc
calls=6 3385 
0 819

fn=(812) std::io::stdio::print_to_buffer_if_capture_used
0 100

fn=(814) std::sync::once_lock::OnceLock<T>::initialize
0 19
cfn=(816) std::sys::sync::once::futex::Once::call
calls=1 0 
0 126
0 3

fn=(850) alloc::raw_vec::RawVecInner<A>::reserve::do_reserve_and_handle
0 54
cfn=(852) alloc::raw_vec::RawVecInner<A>::finish_grow
calls=2 0 
0 346
0 18

fn=(856) __rustc::__rdl_realloc
0 22
cob=(2)
cfi=(173)
cfn=(726) realloc
calls=1 3485 
0 40

fn=(868) core::fmt::Formatter::pad
0 25
cfn=(824) <std::io::default_write_fmt::Adapter<T> as core::fmt::Write>::write_str
calls=1 0 
0 195

fn=(884) core::fmt::builders::DebugList::finish
0 14
cfn=(824)
calls=1 0 
0 127
0 5

fn=(912)
0 9
cob=(2)
cfi=(225) ./stdlib/./stdlib/cxa_finalize.c
cfn=(920) __cxa_finalize
calls=1 45 
0 71
0 1
0 1
cfn=(928) 0x0000000000017ef0
calls=1 0 
0 5
0 3

fn=(534)
0 11
cob=(2)
cfi=(150) ./csu/../csu/libc-start.c
cfn=(536) __libc_start_main@@GLIBC_2.34
calls=1 242 
0 332471

fn=(818) std::sync::once::Once::call_once_force::{{closure}}
0 10
cfn=(794) __rustc::__rust_no_alloc_shim_is_unstable_v2
calls=1 0 
0 1
0 3
cfn=(796)
calls=1 0 
0 51
0 13

fn=(830) core::fmt::num::imp::<impl core::fmt::Display for i64>::fmt
0 18
cfn=(832) core::fmt::num::imp::<impl u64>::_fmt_inner
calls=1 0 
0 31
0 9
cfn=(834) core::fmt::Formatter::pad_integral
calls=1 0 
0 207
0 6

fn=(862) __rustc::__rdl_dealloc
0 5
cob=(2)
cfi=(173)
cfn=(734) free
calls=5 3441 
0 325

fn=(870) broken_app::algo::slow_fib
0 11
cfn=(871) broken_app::algo::slow_fib'2
calls=1 0 
0 136891
0 18
cfn=(871)
calls=9 0 
0 84532
0 46

fn=(871)
0 103671
cfn=(871)
calls=6764 0 
0 1068134
0 8342
cfn=(871)
calls=4171 0 
0 537776
0 109410

fn=(820) <&std::io::stdio::Stdout as std::io::Write>::write_fmt
0 175
cfn=(822) core::fmt::write
calls=5 0 
0 5718
0 120

fn=(886) std::sync::once::Once::call_once::{{closure}}
0 38
cfn=(888) core::ptr::drop_in_place<std::io::buffered::linewriter::LineWriter<std::io::stdio::StdoutRaw>>
calls=1 0 
0 118
0 14
cfn=(890) std::sys::pal::unix::stack_overflow::imp::drop_handler
calls=1 0 
0 455
0 4

fn=(806) demo::main
0 10
cfn=(808) broken_app::sum_even
calls=1 0 
0 40
0 9
cfn=(810) std::io::stdio::_print
calls=1 0 
0 1049
0 4
cfn=(842) broken_app::leak_buffer
calls=1 0 
0 42
0 8
cfn=(810)
calls=1 0 
0 934
0 4
cfn=(846) broken_app::normalize
calls=1 0 
0 1278
0 6
cfn=(810)
calls=1 0 
0 873
0 6
cfn=(860) __rustc::__rust_dealloc
calls=1 0 
0 67
0 2
cfn=(870)
calls=1 0 
0 221498
0 9
cfn=(810)
calls=1 0 
0 946
0 4
cfn=(872) broken_app::algo::slow_dedup
calls=1 0 
0 381
0 6
cfn=(810)
calls=1 0 
0 2616
0 7
cfn=(860)
calls=1 0 
0 67
0 4

fn=(808)
0 40

fn=(810)
0 55
cfn=(812)
calls=5 0 
0 100
0 65
cfn=(820)
calls=5 0 
0 6013
0 36
cfn=(814)
calls=1 0 
0 148
0 1

fn=(838) std::io::buffered::bufwriter::BufWriter<W>::flush_buf
0 181
cob=(2)
cfi=(218) ./io/../sysdeps/unix/sysv/linux/write.c
cfn=(840) write
calls=5 25 
0 140
0 115

fn=(848) <alloc::string::String as core::iter::traits::collect::FromIterator<&str>>::from_iter
0 307
cob=(2)
cfi=(194) ./string/../sysdeps/x86_64/multiarch/memmove-vec-unaligned-erms.S
cfn=(698) __memcpy_avx_unaligned_erms
calls=2 256 
0 28
0 24
cfn=(850)
calls=2 0 
0 418
0 19

fn=(864) <alloc::string::String as core::fmt::Display>::fmt
0 5
cfn=(866) <str as core::fmt::Display>::fmt
calls=1 0 
0 225

fn=(890)
0 13
cob=(2)
cfi=(214) ./misc/./misc/getauxval.c
cfn=(784) getauxval
calls=1 32 
0 145
0 10
cob=(2)
cfi=(213) ./signal/../sysdeps/unix/syscall-template.S
cfn=(782) sigaltstack
calls=1 120 
0 5
0 5
cob=(2)
cfi=(216) ./misc/../sysdeps/unix/syscall-template.S
cfn=(892) munmap
calls=1 117 
0 5
0 1
cob=(2)
cfi=(217) ./csu/./csu/errno-loc.c
cfn=(800) __errno_location
calls=1 26 
0 3
0 57
cfn=(894) alloc::collections::btree::remove::<impl alloc::collections::btree::node::Handle<alloc::collections::btree::node::NodeRef<alloc::collections::btree::node::marker::Mut,K,V,alloc::collections::btree::node::marker::Leaf>,alloc::collections::btree::node::marker::KV>>::remove_leaf_kv
calls=1 0 
0 109
0 15
cfn=(860)
calls=1 0 
0 67
0 20

fn=(928)
0 5

fn=(570) std::rt::lang_start_internal
0 42
cob=(2)
cfi=(156) ./io/../sysdeps/unix/sysv/linux/poll.c
cfn=(572) poll
calls=1 27 
0 28
0 37
cob=(2)
cfi=(158) ./signal/../sysdeps/posix/signal.c
cfn=(578) signal
calls=1 30 
0 124
0 4
cob=(2)
cfi=(164) ./posix/../sysdeps/unix/sysv/linux/x86/sysconf.c
cfn=(592) sysconf
calls=1 32 
0 52
0 8
cob=(2)
cfi=(168) ./nptl/./nptl/pthread_self.c
cfn=(600) pthread_self
calls=1 25 
0 2
0 3
cob=(2)
cfi=(169) ./nptl/./nptl/pthread_getattr_np.c
cfn=(602) pthread_getattr_np@@GLIBC_2.32
calls=1 33 
0 98414
0 10
cob=(2)
cfi=(211) ./nptl/./nptl/pthread_attr_getstack.c
cfn=(776) pthread_attr_getstack@@GLIBC_2.34
calls=1 31 
0 8
0 6
cob=(2)
cfi=(212) ./nptl/./nptl/pthread_attr_destroy.c
cfn=(778) pthread_attr_destroy
calls=1 36 
0 144
0 35
cob=(2)
cfi=(161) ./signal/./signal/sigaction.c
cfn=(584) sigaction
calls=1 27 
0 68
0 8
cfn=(780) std::sys::pal::unix::stack_overflow::imp::make_handler
calls=1 0 
0 240
0 6
cfn=(790) std::sys::pal::unix::stack_overflow::thread_info::set_current_info
calls=1 0 
0 503
0 8
cob=(2)
cfi=(161)
cfn=(584)
calls=1 27 
0 68
0 4
cob=(2)
cfi=(161)
cfn=(584)
calls=1 27 
0 68
0 12
cob=(2)
cfi=(161)
cfn=(584)
calls=1 27 
0 68
0 7
cfn=(802) std::rt::lang_start::{{closure}}
calls=1 0 
0 229880
0 5
cob=(2)
cfi=(217)
cfn=(800)
calls=1 26 
0 3
0 22
cfn=(816)
calls=1 0 
0 677
0 1

fn=(794)
0 6

fn=(844) core::fmt::num::imp::<impl core::fmt::Display for u64>::fmt
0 66
cfn=(832)
calls=6 0 
0 227
0 54
cfn=(834)
calls=6 0 
0 1259
0 30

fn=(866)
0 5
cfn=(868)
calls=1 0 
0 220

fn=(878) core::fmt::Formatter::debug_list
0 11
cfn=(824)
calls=1 0 
0 127
0 8

fn=(882) <&T as core::fmt::Debug>::fmt
0 28
cfn=(844)
calls=4 0 
0 1052

fn=(888)
0 13
cfn=(838)
calls=1 0 
0 21
0 17
cfn=(860)
calls=1 0 
0 67

fn=(548) std::sys::args::unix::imp::ARGV_INIT_ARRAY::init_wrapper
0 4

fn=(790)
0 13
cob=(2)
cfi=(216)
cfn=(792) gettid
calls=1 91 
0 3
0 19
cfn=(794)
calls=1 0 
0 1
0 3
cfn=(796)
calls=1 0 
0 194
0 7
cob=(2)
cfi=(217)
cfn=(800)
calls=1 26 
0 3
0 30
cfn=(794)
calls=1 0 
0 1
0 3
cfn=(796)
calls=1 0 
0 189
0 37

fn=(834)
0 266
cfn=(836) core::fmt::Formatter::pad_integral::write_prefix
calls=7 0 
0 140
0 105
cfn=(824)
calls=7 0 
0 955

fn=(842)
0 42

fn=(846)
0 16
cfn=(848)
calls=1 0 
0 796
0 5
cfn=(858) alloc::str::<impl str>::to_lowercase
calls=1 0 
0 383
0 6
cfn=(860)
calls=1 0 
0 67
0 5

fn=(854) __rustc::__rust_realloc
0 1
cfn=(856)
calls=1 0 
0 62

fn=(860)
0 5
cfn=(862)
calls=5 0 
0 330

fn=(872)
0 108
cfn=(874) alloc::raw_vec::RawVec<T,A>::grow_one
calls=1 0 
0 120
0 153

fn=(874)
0 15
cfn=(852)
calls=1 0 
0 96
0 9

fn=(894)
0 25
cob=(2)
cfi=(194)
cfn=(698)
calls=1 256 
0 12
0 16
cob=(2)
cfi=(194)
cfn=(698)
calls=1 256 
0 12
0 44

fn=(550) 0x0000000000017fa0
0 12

fn=(780)
0 18
cob=(2)
cfi=(213)
cfn=(782)
calls=1 120 
0 5
0 4
cob=(2)
cfi=(214)
cfn=(784)
calls=1 32 
0 145
0 11
cob=(2)
cfi=(215) ./misc/../sysdeps/unix/sysv/linux/mmap64.c
cfn=(786) mmap
calls=1 50 
0 22
0 7
cob=(2)
cfi=(216)
cfn=(788) mprotect
calls=1 117 
0 5
0 9
cob=(2)
cfi=(213)
cfn=(782)
calls=1 120 
0 5
0 9

fn=(804) std::sys::backtrace::__rust_begin_short_backtrace
0 2
cfn=(806)
calls=1 0 
0 229870
0 2

fn=(816)
0 51
cfn=(818)
calls=1 0 
0 78
0 6
cfn=(886)
calls=1 0 
0 629
0 39

fn=(822)
0 265
cfn=(824)
calls=10 0 
0 2175
0 115
cfn=(876) <alloc::vec::Vec<T,A> as core::fmt::Debug>::fmt
calls=1 0 
0 2003
cfn=(864)
calls=1 0 
0 230
cfn=(844)
calls=2 0 
0 584
cfn=(830)
calls=1 0 
0 271
0 75

fn=(824)
0 207
cfn=(826) <std::io::stdio::StdoutLock as std::io::Write>::write_all
calls=23 0 
0 3524
0 253

fn=(826)
0 368
cfn=(828) core::slice::memchr::memrchr
calls=23 0 
0 1559
0 159
cob=(2)
cfi=(194)
cfn=(698)
calls=5 256 
0 75
0 20
cfn=(838)
calls=5 0 
0 415
0 335
cob=(2)
cfi=(194)
cfn=(698)
calls=23 256 
0 317
0 276

fn=(832)
0 258

fn=(568) main
0 9
cfn=(570)
calls=1 0 
0 330565
0 2

fn=(802)
0 3
cfn=(804)
calls=1 0 
0 229874
0 3

fn=(836)
0 140

fn=(852)
0 81
cfn=(854)
calls=1 0 
0 63
0 8
cfn=(794)
calls=2 0 
0 2
0 6
cfn=(796)
calls=2 0 
0 245
0 37

fn=(876)
0 11
cfn=(878)
calls=1 0 
0 146
0 13
cfn=(880) core::fmt::builders::DebugSet::entry
calls=1 0 
0 301
0 18
cfn=(880)
calls=3 0 
0 1350
0 10
cfn=(884)
calls=1 0 
0 146
0 8

fn=(880)
0 92
cfn=(824)
calls=3 0 
0 405
0 30
cfn=(882)
calls=4 0 
0 1080
0 44

fn=(828)
0 1559

fn=(858)
0 15
cfn=(794)
calls=1 0 
0 1
0 4
cfn=(796)
calls=1 0 
0 200
0 144

ob=(1)
fl=(38)
fn=(108)
699 1
+2 3
+8 2
-1 3
+5 3
fi=(29)
56 1
cfi=(28)
cfn=(80)
calls=1 -19 
* 24
fe=(38)
713 1
+2 4
+17 1
-10 1
+8 1
-9 1
+9 2
+11 1
-9 1
+3 2
+9 1
-2 1
+2 2
-7 1
-4 1
+3 1
+6 1
+2 1
-3 2
+1 16
cfi=(45)
cfn=(138)
calls=4 138 
* 52
+2 15
-14 3
+10 3
+4 9
-12 3
-2 3
+2 3
+4 3
-3 3
+3 3
+1 3
-2 3
+5 9
+1 6
+15 1
+3 1
-15 1
+7 1
-1 1
+9 2
+2 4
+2 3
+36 5
+2 3
cfi=(23)
cfn=(64)
calls=1 101 
* 16
* 8
cfi=(30)
cfn=(84)
calls=1 211 
* 10
* 1
+5 4
-1 3
+2 1
+1 2
-2 4
+1 13
+1 26
-2 52
+5 1
fi=(29)
56 1
cfi=(28)
cfn=(80)
calls=1 -19 
* 24
fe=(38)
810 1
fi=(29)
56 1
fe=(38)
812 2
+6 6
cfn=(140) fillin_rpath.isra.0
calls=1 442 
* 570
+3 3
+6 1
+4 8
-49 1
-2 1
+2 2
+14 2

fn=(220)
655 12
+1 18
+1 6
+16 12

fn=(222)
1759 18
+1 2
-1 6
+1 2
+6 6
+5 8
+69 2
-69 4
+69 2
-69 2
+37 2
-37 2
+37 2
-37 2
-7 2
-1 2
+11 2
+8 2
-8 2
+8 4
+7 4
+1 2
-1 4
cfi=(30)
cfn=(134)
calls=2 198 
* 24
-11 2
+11 2
+1 10
+3 12
+5 28
cfi=(30)
cfn=(134)
calls=4 198 
* 48
* 16
cfi=(30)
cfn=(134)
calls=4 198 
* 48
+3 12
+6 8
+3 28
cfn=(182)
calls=4 1521 
* 208
* 4
+2 12
+2 6
+93 18
1790 9
+94 18
+6 4
-2 4
+2 4
+3 6
1769 4
+69 4
+2 2
-21 6
+1 24
+6 6
+2 3
-2 6
+2 3
cfi=(67)
cfn=(224)
calls=3 28 
* 40
* 3
+3 3
-3 8
-38 4
+39 5
+4 2
-43 2

fn=(242)
850 1
-8 1
+8 1
-6 1
+12 2
-13 1
+13 1
-13 1
+13 2
+3 3
+1 2
+1 2
+3 3
+1 3
+4 1
+1 2
+4 2
+1 1
+3 2
+3 1
+1 4
fi=(31)
95 4
+7 2
+16 1
-3 2
252 2
+5 1
-4 1
+4 3
+3 1
fe=(38)

fn=(140)
442 7
+4 1
-4 9
+6 3
cfi=(7)
cfn=(142)
calls=1 242 
* 239
* 3
cfi=(7)
cfn=(142)
calls=1 242 
* 7
* 6
+7 2
+2 3
cfn=(144)
calls=1 -82 
* 125
* 1
+4 2
+5 2
cfi=(23)
cfn=(64)
calls=1 101 
* 16
* 1
+1 2
+7 5
+9 15
+1 8
fi=(29)
50 2
cfi=(28)
cfn=(152)
calls=1 +49 
* 4
+1 1
fe=(38)
502 4
+4 3
fi=(29)
56 1
cfi=(28)
cfn=(80)
calls=1 -19 
* 24
* 1
fe=(38)
508 2
+5 1
+1 2
-2 1
+1 1
-1 1
+2 1
cfi=(30)
cfn=(134)
calls=1 198 
* 12
+1 1
+2 1
-3 1
+1 1
+2 1
+6 1
+1 1
-1 2
+1 1
-1 1
+1 5
+1 1
-1 5
+1 2
-1 3
+3 2
+1 3
+1 1
+6 2
+1 1
+3 3
-60 1
-22 1
+22 2
+66 1
+3 8

fn=(144)
375 6
+10 2
-10 8
+10 2
cfn=(146)
calls=2 228 
* 104
+3 4
+12 2
-11 2
+11 8
-11 2
cfi=(46)
cfn=(148)
calls=2 40 
* 160

fl=(58)
fn=(192)
39 16
+33 4

fl=(79)
fn=(284)
344 14
-1 8
+3 4
cfn=(286)
calls=4 207 
* 137894
+1 4
+1 4
-1 4
cfn=(432)
calls=4 +6 
* 112

fn=(286)
207 5
+11 10
-11 10
+10 5
-10 5
+10 5
-10 5
+13 5
-13 20
+16 5
-16 10
+11 5
+2 5
+3 5
+3 5
-1 5
+1 10
+20 25
+1 10
+3 6
+7 9
fi=(6)
78 8
+6 4
+4 3
+15 1
-9 1
+9 2
+23 2
fi=(4)
-47 1
fe=(79)
296 2
fi=(4)
79 2
fe=(79)
296 2
fi=(4)
79 4
fe=(79)
296 8
fi=(4)
79 8
fe=(79)
296 8265
fi=(4)
79 1
fe=(79)
296 1
fi=(4)
79 2
fe=(79)
296 204
fi=(5)
49 1
+4 1
+27 1
-32 1
+1 3
+4 8
+27 2
fe=(79)
296 36
fi=(5)
49 4
+4 4
+27 4
-32 4
+1 12
+4 32
+27 8
fe=(79)
296 5
fi=(5)
49 5
+4 5
+27 5
-32 5
+1 15
+4 40
+27 10
-7 1
-1 1
+11 7
fi=(6)
509 112
+4 112
+3 168
+1 56
fi=(5)
83 168
+2 224
-2 3
+13 2
fe=(79)
296 32
fi=(6)
725 25
+4 6
fe=(79)
298 25
+23 5
+3 10
+14 40
fi=(5)
105 27
+9 20
+1 3
fi=(6)
493 3
fi=(5)
115 3
fi=(6)
493 6
fi=(5)
115 622
fi=(6)
493 622
fi=(5)
115 622
fi=(6)
493 1244
+5 1250
+1 625
fi=(5)
114 625
fi=(6)
499 625
-5 625
fi=(5)
114 1250
+3 27
+3 28
+2 21
fe=(79)
+68 4
fi=(5)
72 4
+1 4
fe=(79)
190 32
fi=(5)
-66 8
+1 4
-1 4
+5 4
-5 8
+1 8
+1 8
+1 4
-2 4
+2 8
-1 4
+1 4
+2 8
-5 440
+1 220
-1 220
+5 220
-5 440
+1 440
+1 440
+1 220
-2 220
+2 440
-1 220
+1 220
+2 440
+9 177
fi=(6)
262 354
+7 354
+4 354
fe=(79)
170 708
fi=(4)
-30 483
fe=(79)
+31 322
+3 322
+8 308
-8 1380
+12 306
-3 153
+1 153
+2 614
-3 1
+1 1
+2 158
+1 154
-1 154
+2 462
+1 154
-1 308
-1 12
+3 36
cfi=(80)
cfn=(294)
calls=6 759 
* 2936
-3 148
+3 888
cfi=(80)
cfn=(294)
calls=148 759 
* 88705
+3 154
+1 308
-4 154
+4 770
fi=(6)
+88 483
+3 155
-3 1026
+4 352
+26 1052
418 27
fi=(5)
141 27
fi=(6)
418 302
fi=(5)
141 487
-19 896
+33 24
+1 65
+1 186
+3 94
+4 47
-2 47
+1 47
-3 47
+2 47
+2 47
-2 94
fe=(79)
+8 188
fi=(6)
282 235
+4 94
472 47
-1 94
+1 94
+1 47
cfi=(16)
cfn=(450)
calls=1 39 
* 5
cob=(2)
cfi=(109) ./string/../sysdeps/x86_64/multiarch/ifunc-strcasecmp.h
cfn=(428) strncasecmp
calls=1 37 
* 20
cob=(2)
cfi=(97) ./string/../sysdeps/x86_64/multiarch/ifunc-memmove.h
cfn=(426) mempcpy
calls=1 57 
* 21
cob=(2)
cfi=(96) ./wcsmbs/../sysdeps/x86_64/multiarch/ifunc-wcs.h
cfn=(424) wcpncpy
calls=1 40 
* 17
cob=(2)
cfi=(87) ./string/../sysdeps/x86_64/multiarch/ifunc-sse4_2.h
cfn=(422) strspn
calls=1 36 
* 6
cob=(2)
cfi=(123) ./string/../sysdeps/x86_64/multiarch/ifunc-evex.h
cfn=(420) memchr
calls=1 38 
* 22
cob=(2)
cfi=(97)
cfn=(418) memmove
calls=1 57 
* 21
cob=(2)
cfi=(100) ./string/../sysdeps/x86_64/multiarch/ifunc-strcpy.h
cfn=(414) stpcpy
calls=1 38 
* 16
cob=(2)
cfi=(94) ./debug/../sysdeps/x86_64/multiarch/ifunc-memmove.h
cfn=(412) __memmove_chk
calls=1 57 
* 21
cob=(2)
cfi=(121) ./wcsmbs/../sysdeps/x86_64/multiarch/ifunc-memcmp.h
cfn=(410) wmemcmp
calls=1 34 
* 23
cob=(2)
cfi=(106) ./string/../sysdeps/x86_64/multiarch/ifunc-strncpy.h
cfn=(408) strncpy
calls=1 35 
* 18
cob=(2)
cfi=(85) ./string/../sysdeps/x86_64/multiarch/ifunc-avx2.h
cfn=(404) strlen
calls=1 40 
* 24
cob=(2)
cfi=(96)
cfn=(402) wcscat
calls=1 40 
* 17
cob=(2)
cfi=(109)
cfn=(398) strcasecmp_l
calls=1 37 
* 20
cob=(2)
cfi=(100)
cfn=(394) strcpy
calls=1 38 
* 16
cob=(2)
cfi=(116) ./wcsmbs/../sysdeps/x86_64/multiarch/ifunc-wmemset.h
cfn=(390) wmemset
calls=2 36 
* 18
cob=(2)
cfi=(115) ./string/../sysdeps/x86_64/multiarch/ifunc-memcmp.h
cfn=(388) bcmp
calls=1 34 
* 23
cob=(2)
cfi=(85)
cfn=(384) strchrnul
calls=1 40 
* 24
cob=(2)
cfi=(109)
cfn=(380) strncasecmp_l
calls=1 37 
* 20
cob=(2)
cfi=(100)
cfn=(376) strcat
calls=1 38 
* 16
cob=(2)
cfi=(111) ./wcsmbs/../sysdeps/x86_64/multiarch/wcscpy.c
cfn=(374) wcscpy
calls=1 43 
* 15
cob=(2)
cfi=(87)
cfn=(372) strcspn
calls=1 36 
* 6
cob=(2)
cfi=(109)
cfn=(368) strcasecmp
calls=1 37 
* 20
cob=(2)
cfi=(108) ./string/../sysdeps/x86_64/multiarch/strncmp.c
cfn=(366) strncmp
calls=1 44 
* 20
cob=(2)
cfi=(107) ./wcsmbs/../sysdeps/x86_64/multiarch/ifunc-evex.h
cfn=(364) wmemchr
calls=2 38 
* 44
cob=(2)
cfi=(106)
cfn=(362) stpncpy
calls=1 35 
* 18
cob=(2)
cfi=(98) ./wcsmbs/../sysdeps/x86_64/multiarch/ifunc-avx2.h
cfn=(358) wcscmp
calls=1 40 
* 24
cob=(2)
cfi=(85)
cfn=(354) rindex
calls=1 40 
* 24
cob=(2)
cfi=(102) ./debug/../sysdeps/x86_64/multiarch/ifunc-memset.h
cfn=(350) __memset_chk
calls=1 61 
* 22
cob=(2)
cfi=(100)
cfn=(346) index
calls=1 43 
* 18
cob=(2)
cfi=(98)
cfn=(342) wcschr
calls=2 40 
* 48
cob=(2)
cfi=(97)
cfn=(340) memcpy@@GLIBC_2.14
calls=1 57 
* 21
cob=(2)
cfi=(96)
cfn=(338) wcsncpy
calls=1 40 
* 17
cob=(2)
cfi=(85)
cfn=(334) memrchr
calls=1 40 
* 24
cob=(2)
cfi=(94)
cfn=(332) __memcpy_chk
calls=1 57 
* 21
cob=(2)
cfi=(94)
cfn=(330) __mempcpy_chk
calls=1 57 
* 21
cob=(2)
cfi=(89) ./wcsmbs/../sysdeps/x86_64/multiarch/ifunc-wcslen.h
cfn=(326) wcslen
calls=1 41 
* 18
cob=(2)
cfi=(91) ./string/../sysdeps/x86_64/multiarch/ifunc-memset.h
cfn=(322) memset
calls=1 61 
* 22
cob=(2)
cfi=(89)
cfn=(318) wcsnlen
calls=1 41 
* 18
cob=(2)
cfi=(88) ./string/../sysdeps/x86_64/multiarch/strcmp.c
cfn=(316) strcmp
calls=1 48 
* 18
cob=(2)
cfi=(87)
cfn=(314) strpbrk
calls=1 36 
* 6
cob=(2)
cfi=(85)
cfn=(310) strnlen
calls=2 40 
* 48
cob=(2)
cfi=(83) ./string/../sysdeps/x86/cacheinfo.h
cfn=(306) __x86_cacheinfo
calls=1 62 
* 29
fi=(5)
156 47
fi=(6)
474 47
fi=(5)
156 96
fe=(79)
296 10
fi=(5)
51 5
fi=(4)
+28 10
fi=(5)
+63 51
fi=(6)
315 17
+3 17
+23 2
+1 3
fi=(5)
141 2
fi=(6)
395 48
+2 64
+4 16
+9 16
-9 32
+9 16
fi=(5)
141 32
fi=(6)
449 16
282 32
fi=(5)
132 47
+1 47
-1 141
+2 47
fi=(6)
287 15
+3 10
+1 15
+11 10
+7 5
cob=(2)
cfi=(115)
cfn=(388)
calls=1 34 
* 23
cob=(2)
cfi=(97)
cfn=(418)
calls=1 57 
* 21
cob=(2)
cfi=(85)
cfn=(404)
calls=1 40 
* 24
cob=(2)
cfi=(91)
cfn=(322)
calls=1 61 
* 22
cob=(2)
cfi=(97)
cfn=(340)
calls=1 57 
* 21
* 15
+3 10
fe=(79)
175 63
+3 7
-1 7
+19 7
-18 14
296 2004
fi=(6)
-14 94
fe=(79)
-92 4
fi=(5)
73 2
fe=(79)
190 2
fi=(5)
-19 2
fe=(79)
+19 2
fi=(5)
-19 9
+2 2
+1 2
-1 1
+3 1
-3 4
+3 2
-3 10
+1 10
-1 5
+3 5
-3 20
+3 10
+8 6
fi=(6)
+78 12
+7 12
+4 12
fe=(79)
170 24
fi=(4)
-30 18
fe=(79)
+31 12
+3 12
+8 12
-8 54
+12 12
-3 6
+1 6
+2 36
+4 24
-4 6
+4 18
cfi=(80)
cfn=(294)
calls=6 759 
* 3146
+3 6
+1 12
-4 6
+4 30
fi=(6)
+88 18
+3 2
-3 12
+4 4
+26 36
418 6
fi=(5)
187 18
-16 24
+31 5
fe=(79)
-27 28
+75 4
+7 6
-9 4

fn=(432)
353 15
+3 5
-4 10
+4 20
+3 5
-3 5
+3 5
+4 10
+7 10
-6 20
cfi=(125)
cfn=(434)
calls=5 117 
* 25
* 10

ob=(6)
fl=(149)
fn=(858)
0 19

ob=(2)
fl=(140) ./nptl/../sysdeps/unix/sysv/linux/x86/elision-conf.c
fn=(482) __lll_elision_init
92 1
+4 1
-4 1
+4 6
cob=(1)
cfi=(11)
cfn=(28)
calls=1 441 
* 22
* 1
+2 4
cob=(1)
cfi=(11)
cfn=(28)
calls=1 441 
* 22
* 1
+2 4
cob=(1)
cfi=(11)
cfn=(28)
calls=1 441 
* 22
* 1
+2 4
cob=(1)
cfi=(11)
cfn=(28)
calls=1 441 
* 22
* 1
+2 4
cob=(1)
cfi=(11)
cfn=(28)
calls=1 441 
* 22
* 1
+3 3
+1 1
+1 6

fl=(167) ./misc/../sysdeps/unix/sysv/linux/getpagesize.c
fn=(598) getpagesize
28 8
+2 2

fl=(192) ./io/../sysdeps/unix/sysv/linux/read_nocancel.c
fn=(690) __read_nocancel
26 16
+1 4

fl=(214)
fn=(784)
32 2
-2 4
+5 4
+7 184
+1 88
+19 4
+1 2
+1 2

fl=(98)
fn=(342)
40 6
-2 8
fi=(99) ./wcsmbs/../sysdeps/x86_64/multiarch/wcschr.c
-7 4
fe=(98)
+10 4
+1 6
+3 4
+4 6
+3 10

fn=(358)
40 3
-2 4
fi=(105) ./wcsmbs/../sysdeps/x86_64/multiarch/wcscmp.c
-8 2
fe=(98)
+11 2
+1 3
+3 2
+4 3
+3 5

fl=(173)
fn=(772) calloc
3775 1
+8 1
-8 5
+8 8
+8 2
1328 2
+19 5
3359 2
+2 4
3215 2
+2 3
3812 2
+32 3
cfn=(626) _int_malloc
calls=1 1328 
* 144
+2 5
+49 1
fi=(180) ./malloc/../string/bits/string_fortified.h
59 2
fe=(173)
3895 5
fi=(180)
59 1
cfi=(208) ./string/../sysdeps/x86_64/multiarch/memset-vec-unaligned-erms.S
cfn=(764) __memset_avx2_unaligned_erms
calls=1 199 
* 25
* 1
fe=(173)
3822 1
+1 4
+7 1
+16 1
fi=(174) ./malloc/./malloc/arena.c
153 2
fe=(173)
3846 2
+3 2
+37 3
+3 5
+4 1
fi=(233) ./malloc/../sysdeps/generic/calloc-clear-memory.h
27 2
fe=(173)
3874 1
+3 1

fn=(638) alloc_perturb
1987 36
+2 12

fn=(628) sysmalloc
2534 8
+20 1
-20 3
+20 1
+11 2
+1 2
-11 1
+35 1
+11 1
-10 3
+1 1
+9 5
+9 3
2923 2
+1 1
+5 2
+3 2
+5 2
-2 1
+2 1
-3 1
+2 1
+1 1
+1 1
-1 3
+1 1
+2 1
+6 11
2671 2
+9 4
+13 3
+8 5
+8 2
+48 2
2878 1
+1 1
-2 1
+1 3
+1 1
+11 2
2711 4
cfi=(176) ./malloc/./malloc/morecore.c
cfn=(630) __glibc_morecore
calls=1 26 
* 54
+1 3
-1 1
+1 1
2010 5
2746 2
+2 4
+6 2
+3 2
+40 3
+22 2
+1 1
-1 1
+1 5
+2 2
+1 4
cfi=(176)
cfn=(630)
calls=1 26 
* 25
+12 4
-12 1
+12 1
2010 4
2784 3
+1 3
-38 2
3263 3

fn=(624) tcache_init.part.0
3307 2
+9 8
+1 3
cfn=(626)
calls=1 1328 
* 360
+1 2
+8 4
+9 1
fi=(180)
59 2
fe=(173)
3335 1
fi=(180)
59 86
fe=(173)
3339 3

fn=(726)
3485 36
+6 8
+4 8
3616 2
3503 2
3616 12
3503 2
cfn=(614)
calls=2 3385 
* 380
-1 8
5295 2
3511 2
5296 6
-1 4
+2 4
3567 1
+49 18
5298 2
3519 4
+2 1
+1 2
+12 3
fi=(174)
153 3
fe=(173)
3542 4
+1 2
1328 2
+19 6
3553 2
+31 2
+2 6
cfn=(730) _int_realloc
calls=1 4971 
* 269
* 1
+1 5
fi=(174)
153 4
fe=(173)
3587 2

fn=(730)
4971 7
+11 4
+1 4
+1 4
+6 2
+2 2
+1 4
+2 4
+3 2
+89 9
-79 2
+12 2
+12 3
cfn=(626)
calls=1 1328 
* 144
* 1
+1 2
+3 1
+6 2
+8 1
-1 1
fi=(180)
29 2
fe=(173)
5050 6
fi=(180)
29 1
cfi=(194)
cfn=(698)
calls=1 256 
* 21
* 1
fe=(173)
4690 3
4558 4
+1 2
+4 4
3253 4
-1 2
+1 2
+9 3
+3 4
-98 1
+2 1
-4 1
+2 3
+1 1
+1 1
3271 1

fn=(734)
3441 22
-4 55
+14 11
-14 22
+12 11
+4 11
-4 11
+4 22
+17 33
fi=(174)
153 33
fe=(173)
4690 22
4558 44
+1 22
+4 44
3253 33
-1 22
+1 22
+9 33
+3 44
-98 11
+2 11
-4 11
+2 33
+1 11
+1 11
3271 11
3479 11
+1 88

fn=(614)
3385 55
+7 22
1328 20
+19 53
3359 18
+2 44
3215 20
+2 33
-37 4
+4 4
+4 2
+4 2
-4 6
+4 2
+1 2
3432 55
3313 4
cfn=(624)
calls=1 -6 
* 472
-98 2
+1 3
3404 18
fi=(174)
264 1
cfn=(618) ptmalloc_init.part.0
calls=1 -2 
* 1112
fe=(173)
1328 2
3406 36
cfn=(626)
calls=9 1328 
* 1287
+1 45
fi=(174)
153 18
fe=(173)

fn=(626)
1328 24
3904 96
1347 12
3904 12
1347 34
3945 20
1796 10
3972 20
+65 8
-63 16
+3 4
+2 8
+56 12
+62 5
+1 3
+20 12
-1 12
-1 12
+1 12
+1 12
-1 12
+1 12
-2 22
+12 60
3945 4
+27 4
+66 11
+2 11
-2 11
+2 22
-68 6
1347 2
3977 4
+2 4
+9 18
4545 108
4315 36
+2 3
+3 1
-3 1
+3 2
+1 12
+71 60
-4 12
+1 12
+1 12
-1 12
+1 12
+1 24
+1 36
+5 48
3170 5
4037 30
-45 48
4404 160
-3 132
4501 12
+1 24
+2 24
+3 36
+17 3
+17 48
cfn=(638)
calls=12 1987 
* 48
* 24
-29 11
-2 11
+2 11
-1 11
+1 11
-3 11
+3 11
+2 11
-2 44
+2 11
+3 11
+1 11
+21 3
cfn=(628)
calls=1 2534 
* 232
* 1
+1 2

fl=(134) ./ctype/./ctype/ctype-info.c
fn=(470) __ctype_init
31 7
+2 4
+2 4
+1 1

fl=(195) ./stdio-common/./stdio-common/isoc23_sscanf.c
fn=(702) __isoc23_sscanf
24 540
fi=(196) ./stdio-common/../libio/strfile.h
+64 180
fe=(195)
-64 135
fi=(196)
+64 90
-1 45
+1 45
cfi=(181) ./libio/./libio/genops.c
cfn=(642) _IO_no_init
calls=45 589 
* 2025
+1 45
+1 180
-1 45
+1 45
cfi=(197) ./libio/./libio/strops.c
cfn=(706) _IO_str_init_static_internal
calls=45 -54 
* 4587
fe=(195)
-59 135
-1 45
+1 45
-1 225
+1 45
cfi=(199) ./stdio-common/./stdio-common/vfscanf-internal.c
cfn=(712) __vfscanf_internal
calls=45 278 
* 77217
+5 360

fl=(164)
fn=(592)
32 6
+1 5
fi=(165) ./posix/../sysdeps/unix/sysv/linux/x86/../sysconf.c
+16 10
fe=(164)
-12 9
fi=(166) ./posix/../sysdeps/posix/sysconf.c
+23 12
221 1
cfi=(167)
cfn=(598)
calls=1 28 
* 5
* 2
60 2
fe=(164)

fl=(203) ./stdlib/../stdlib/strtol_l.c
fn=(722) ____strtoul_l_internal
238 180
+54 90
-54 90
+19 90
-19 720
+26 180
+31 360
+9 180
-3 90
+3 270
+2 180
+5 180
+5 90
-6 90
+7 270
+3 270
+15 68
+55 102
+1 102
+60 170
+26 34
+1 34
-84 34
-1 34
+96 68
-12 56
+1 56
-84 56
-1 56
+96 112
-5 1536
+5 768
+1 2304
-41 1536
+2 2892
+2 2304
+7 180
+17 180
+1 180
+3 2304
+3 1536
+11 180
+5 270
+1 90
+12 180
+11 540
+22 810
342 68
+48 34
258 34
387 68
-65 392
+5 112
+63 56
+1 112
-1 56
+1 112
+4 56
-4 56
+60 56
332 280

fl=(96)
fn=(424)
40 3
-1 4
+2 3
+3 2
+4 4
fi=(234) ./wcsmbs/../sysdeps/x86_64/multiarch/wcpncpy.c
-17 1
fe=(96)

fn=(338)
40 3
-1 4
+2 3
+3 2
+4 4
fi=(235) ./wcsmbs/../sysdeps/x86_64/multiarch/wcsncpy.c
-17 1
fe=(96)

fn=(402)
40 3
-1 4
+2 3
+3 2
+4 4
fi=(236) ./wcsmbs/../sysdeps/x86_64/multiarch/wcscat.c
-17 1
fe=(96)

fl=(219) ./stdlib/./stdlib/exit.c
fn=(898) __run_exit_handlers
45 10
+2 9
+3 2
+3 6
+11 1
+2 2
+8 3
+2 1
+1 1
-1 1
+3 7
+44 3
-49 3
+55 2
+1 2
+6 1
-66 1
+66 3
+2 2
+3 2
cfi=(228) ./posix/../sysdeps/unix/sysv/linux/_exit.c
cfn=(992) _Exit
calls=1 27 
* 3
-29 1
+1 1
-2 1
+3 1
+3 1
-3 2
+3 3
+1 3
cob=(1)
cfi=(221)
cfn=(902)
calls=1 -92 
* 1201
+1 4
+20 1
cfi=(181)
cfn=(986) _IO_cleanup
calls=1 874 
* 364
* 1
-88 1
cfi=(220) ./stdlib/./stdlib/cxa_thread_atexit_impl.c
cfn=(900) __call_tls_dtors
calls=1 +97 
* 11
* 1

fn=(896) exit
147 1
+1 4
cfn=(898)
calls=1 45 
* 1662

fl=(147)
fn=(518)
67 3
-1 3
+3 1
-1 1
-1 3
+2 2
-1 2
-1 6
+3 1

fl=(87)
fn=(372)
36 5
fi=(237) ./string/../sysdeps/x86_64/multiarch/strcspn.c
-7 1
fe=(87)

fn=(422)
36 5
fi=(238) ./string/../sysdeps/x86_64/multiarch/strspn.c
-7 1
fe=(87)

fn=(314)
36 5
fi=(239) ./string/../sysdeps/x86_64/multiarch/strpbrk.c
-7 1
fe=(87)

fl=(185) ./string/../string/strstr.c
fn=(660) __GI_strstr
77 7
+5 1
-5 3
+5 2
+2 4
cfi=(186) ./string/../sysdeps/x86_64/multiarch/strchr-avx2.S
cfn=(664) __strchr_avx2
calls=1 -29 
* 20
* 1
* 1
+1 2
-40 1
161 12

fl=(187) ./stdio-common/./stdio-common/getline.c
fn=(666) getline
27 45
+1 90
cfi=(188) ./libio/./libio/iogetdelim.c
cfn=(668) getdelim
calls=45 +13 
* 7473

fl=(153) ./setjmp/../sysdeps/x86_64/bsd-_setjmp.S
fn=(562) _setjmp
30 1
+2 1
cfi=(154) ./setjmp/../sysdeps/x86_64/setjmp.S
cfn=(564) __sigsetjmp
calls=1 +1 
* 26

fl=(199)
fn=(712)
278 180
fi=(201) ./stdio-common/../include/scratch_buffer.h
77 45
fe=(199)
278 360
+10 225
+1 45
fi=(201)
77 45
fe=(199)
339 45
-50 45
+50 90
fi=(201)
78 45
fe=(199)
339 45
+6 135
+3 225
+4 45
+20 90
-20 45
+13 45
-6 45
+8 90
-8 45
+8 45
+5 90
-5 45
+5 135
cfi=(183) ./nptl/./nptl/libc-cleanup.c
cfn=(650) __libc_cleanup_push_defer
calls=45 25 
* 540
* 180
+9 45
fi=(240) ./stdio-common/../string/bits/string_fortified.h
59 45
fe=(199)
381 135
-88 45
+39 45
-48 45
-1 45
-1 45
+1 45
+45 45
-1 45
-1 45
-1 45
-12 45
-30 135
419 270
+24 405
+1 270
+3 225
+7 405
+8 90
+8 90
-27 90
-62 540
3139 180
206 90
+17 90
-1 90
+1 90
489 90
222 90
489 90
222 180
489 360
+44 810
345 90
483 180
fi=(200) ./stdio-common/./stdio-common/printf-parse.h
55 270
fe=(199)
505 90
+1 270
660 270
+4 90
+1 450
3149 315
cfi=(183)
cfn=(652) __libc_cleanup_pop_restore
calls=45 57 
* 405
fi=(201)
85 135
fe=(199)
3153 90
+17 90
+6 540
669 270
+1 90
+6 1260
+3 180
-3 90
+3 180
-3 270
530 270
+16 270
+8 90
-21 180
fi=(200)
55 450
fe=(199)
680 180
+1 450
-1 180
+1 180
cfi=(181)
cfn=(716) _IO_sputbackc
calls=90 -20 
* 1980
+4 1170
1450 540
+5 90
-5 90
+5 270
+9 450
+3 112
260 56
1467 112
260 112
+3 168
1470 392
+2 448
+12 112
+10 112
1813 360
fi=(201)
113 720
fe=(199)
1815 1604
260 1424
1877 712
260 1424
+3 2136
1879 2848
+2 4984
-68 1874
231 90
1884 180
206 90
1891 180
214 180
1892 180
+28 180
263 270
1924 180
1742 180
1942 270
206 90
1742 180
1941 180
+30 810
+9 360
685 180
1817 4100
1920 540
cfi=(181)
cfn=(716)
calls=90 661 
* 1980
* 360
260 180
1498 68
1813 180
1501 270
1945 90
cfi=(202) ./stdlib/../stdlib/strtol.c
cfn=(720) __strtoul_internal
calls=90 108 
* 23954
* 90
+3 270
+3 360
+19 180
+1 270

fl=(115)
fn=(388)
34 10
+1 4
+1 4
+1 6
+3 4
+4 6
+3 8
fi=(241) ./string/../sysdeps/x86_64/multiarch/memcmp.c
-18 4
fe=(115)

fl=(123)
fn=(420)
38 3
-1 4
+2 3
+6 2
-3 2
+9 3
+3 4
fi=(242) ./string/../sysdeps/x86_64/multiarch/memchr.c
-25 1
fe=(123)

fl=(172) ./libio/./libio/iofopen.c
fn=(610) __fopen_internal
57 7
+8 1
-8 1
+8 1
cob=(3)
cfi=(138)
cfn=(612) 0x000000000489b3d8
calls=1 -65 
* 1780
+2 3
+3 1
+2 2
-2 1
+2 5
cfi=(181)
cfn=(642)
calls=1 589 
* 54
+1 1
+1 1
-1 1
+1 1
cfi=(182) ./libio/./libio/fileops.c
cfn=(646) _IO_new_file_init_internal
calls=1 +33 
* 102
+1 5
cfi=(182)
cfn=(654) _IO_file_fopen@@GLIBC_2.2.5
calls=1 214 
* 235
* 2
-38 2
+44 7

fn=(608) fopen@@GLIBC_2.2.5
86 2
cfn=(610)
calls=1 -29 
* 2213

fl=(218)
fn=(840)
25 5
+1 30
cfi=(157) ./nptl/./nptl/cancellation.c
cfn=(574) __syscall_cancel
calls=5 +48 
* 95
+1 10

fl=(220)
fn=(900)
148 3
+1 4
+16 4

fl=(178) ./misc/../sysdeps/unix/sysv/linux/brk_call.h
fn=(634) brk
24 4
fi=(179) ./misc/../sysdeps/unix/sysv/linux/brk.c
+13 4
+1 4
+6 2
+1 2
fe=(178)

fl=(116)
fn=(390)
36 10
+1 6
fi=(117) ./wcsmbs/../sysdeps/x86_64/multiarch/wmemset.c
-6 2
fe=(116)

fl=(168)
fn=(600)
25 2

fl=(182)
fn=(654)
214 7
+9 1
-9 3
+9 1
+2 5
+21 1
-8 1
+10 33
358 12
246 4
+36 4
cfn=(656) _IO_file_open
calls=1 -99 
* 73
* 1
+3 2
+3 3
cfi=(185)
cfn=(660)
calls=1 77 
* 54
* 1
+1 2
-16 1
-1 1
+1 6
+1 1
-5 7
+1 1
-22 6
-19 1
-1 1
-13 2

fn=(748) _IO_file_close
1169 2
cfi=(205) ./io/../sysdeps/unix/sysv/linux/close_nocancel.c
cfn=(750) __close_nocancel
calls=1 26 
* 5

fn=(656)
183 1
+3 1
-3 7
+2 2
+5 2
+3 2
+3 1
-4 1
+1 3
+3 1
-3 1
+3 1
+10 2
cfi=(181)
cfn=(648) _IO_link_in
calls=1 -97 
* 17
+1 1
+1 4
-22 1
cfi=(184) ./io/../sysdeps/unix/sysv/linux/open64_nocancel.c
cfn=(658) __open_nocancel
calls=1 28 
* 23
* 2

fn=(672) _IO_file_underflow@@GLIBC_2.2.5
467 12
-4 24
+7 8
+6 12
+3 8
+12 6
fi=(191) ./libio/./libio/libioP.h
1036 4
fe=(182)
507 8
cfi=(181)
cfn=(686) _IO_switch_to_get_mode
calls=4 190 
* 96
+11 4
-5 4
fi=(191)
1036 4
fe=(182)
513 4
fi=(191)
1036 4
fe=(182)
513 4
+1 4
+2 4
-1 8
fi=(191)
1037 8
fe=(182)
518 16
cfn=(688) _IO_file_read
calls=4 1135 
* 36
+9 4
-7 8
+7 8
+9 12
+2 8
+1 24
-57 3
+5 2
cfi=(181)
cfn=(674) _IO_doallocbuf
calls=1 370 
* 279
+4 4

fn=(678) _IO_file_stat
1149 2
cfi=(190) ./io/../sysdeps/unix/sysv/linux/fstat64.c
cfn=(680) fstat
calls=1 39 
* 5

fn=(646)
107 2
+5 1
-1 1
+3 1
cfi=(181)
cfn=(648)
calls=1 -5 
* 94
+1 1
+1 2

fn=(688)
1135 4
-1 4
+1 4
-1 4
cfi=(192)
cfn=(690)
calls=4 26 
* 20

fn=(754) _IO_file_finish@@GLIBC_2.2.5
169 4
+1 2
+7 1
-1 2
+1 2
-1 1
cfi=(181)
cfn=(756) _IO_default_finish
calls=1 627 
* 15

fn=(744) _IO_file_close_it@@GLIBC_2.2.5
129 3
+2 3
+4 2
+3 1
-3 1
-1 2
+6 1
+3 1
-3 1
cfi=(181)
cfn=(746) _IO_unsave_markers
calls=1 969 
* 8
+3 3
fi=(191)
1036 3
+1 2
fe=(182)
143 2
cfn=(748)
calls=1 1169 
* 7
* 1
+3 3
+8 5
cfi=(181)
cfn=(682) _IO_setb
calls=1 355 
* 98
+1 1
+3 1
-3 3
+3 1
cfi=(181)
cfn=(740) _IO_un_link
calls=1 -90 
* 3
+5 1
-4 1
+1 1
+3 1
-2 1
+3 5

fl=(216)
fn=(792)
91 2
+2 1

fn=(788)
117 4
+5 1

fn=(892)
117 4
+5 1

fl=(150)
fn=(536)
242 11
+69 3
+1 3
cfi=(151) ./stdlib/./stdlib/cxa_atexit.c
cfn=(538) __cxa_atexit
calls=1 68 
* 70
+25 6
+6 2
-3 2
+10 2
cob=(1)
cfi=(50)
cfn=(558)
calls=1 119 
* 4
* 1
+2 2
+8 4
cfi=(152) ./csu/../sysdeps/nptl/libc_start_call_main.h
cfn=(560) (below main)
calls=1 29 
* 332295
128 2
+6 3
+1 6
cob=(3)
cfi=(138)
cfn=(544) 0x0000000000161160
calls=1 0 
* 6
+3 1
+1 2
+3 1
+1 2
-1 2
+2 8
+1 4
cob=(6)
cfi=(149)
cfn=(550)
calls=1 0 
* 12
* 4
cob=(6)
cfi=(149)
cfn=(548)
calls=1 0 
* 4
-1 9

fl=(226) ./posix/./posix/register-atfork.c
fn=(922) __unregister_atfork
82 3
+1 3
-1 3
+1 9
fi=(227) ./posix/../malloc/dynarray-skeleton.c
243 3
fe=(226)
71 6
+38 12
+1 6

fl=(91)
fn=(322)
61 10
+3 6
-12 4
+28 4
+2 4
+10 4
fi=(92) ./string/../sysdeps/x86_64/multiarch/memset.c
-63 2
fe=(91)
+71 4
-48 2
+1 4

fl=(154)
fn=(564)
33 1
+9 1
+1 2
+1 1
+4 1
+1 1
+1 1
+1 1
+1 1
+2 2
+2 1
+1 1
+3 2
+2 1
+23 1
cfi=(155) ./setjmp/./setjmp/sigjmp.c
cfn=(566) __sigjmp_save
calls=1 -57 
* 8

fl=(144) ./misc/./misc/init-misc.c
fn=(510) __init_misc
31 2
-1 4
+1 3
+2 3
cfi=(145) ./string/../sysdeps/x86_64/multiarch/strrchr-avx2.S
cfn=(514) __strrchr_avx2
calls=1 +21 
* 21
* 1
+4 5
+1 3
+2 4

fl=(174)
fn=(618)
262 1
fi=(175) ./malloc/../sysdeps/unix/sysv/linux/not-cancel.h
100 3
fe=(174)
262 5
+5 1
fi=(175)
100 3
fi=(173)
3145 2
fe=(174)
292 2
+4 3
fi=(173)
1948 4
+3 1
-3 1
+3 2
-3 2
+3 126
-3 126
+3 252
-3 252
+11 1
fe=(174)
300 3
fi=(173)
1960 1
+2 1
fe=(174)
300 1
cob=(1)
cfi=(11)
cfn=(28)
calls=1 441 
* 21
* 1
+1 4
cob=(1)
cfi=(11)
cfn=(28)
calls=1 441 
* 22
* 1
+1 4
cob=(1)
cfi=(11)
cfn=(28)
calls=1 441 
* 21
* 1
+1 4
cob=(1)
cfi=(11)
cfn=(28)
calls=1 441 
* 21
* 1
+1 4
cob=(1)
cfi=(11)
cfn=(28)
calls=1 441 
* 22
* 1
+1 4
cob=(1)
cfi=(11)
cfn=(28)
calls=1 441 
* 21
* 1
+1 4
cob=(1)
cfi=(11)
cfn=(28)
calls=1 441 
* 21
* 1
+2 4
cob=(1)
cfi=(11)
cfn=(28)
calls=1 441 
* 21
* 1
+1 4
cob=(1)
cfi=(11)
cfn=(28)
calls=1 441 
* 21
* 1
+1 4
cob=(1)
cfi=(11)
cfn=(28)
calls=1 441 
* 21
* 1
+3 4
cob=(1)
cfi=(11)
cfn=(28)
calls=1 441 
* 21
* 1
+1 4
cob=(1)
cfi=(11)
cfn=(28)
calls=1 441 
* 21
* 1
+2 2
+10 7

fl=(217)
fn=(800)
26 6
+1 3

fl=(108)
fn=(366)
44 2
-1 4
+24 2
-22 3
+3 2
+4 3
+3 4

fl=(169)
fn=(602)
33 7
+4 1
-4 4
+4 1
cfi=(170) ./nptl/./nptl/pthread_attr_init.c
cfn=(604) pthread_attr_init@@GLIBC_2.2.5
calls=1 -5 
* 18
* 1
+1 2
207 12
43 7
fi=(171) ./nptl/../string/bits/string_fortified.h
-14 2
fe=(169)
+23 1
-3 3
+6 2
+4 2
+3 3
+50 3
+66 1
+2 4
cfi=(173)
cfn=(726)
calls=1 3485 
* 214
* 1
* 1
+1 2
+7 4
cfi=(206) ./nptl/./nptl/pthread_exit.c
cfn=(758) pthread_getaffinity_np@@GLIBC_2.32
calls=1 30 
* 30
+3 2
+2 3
+1 5
cfi=(209) ./nptl/./nptl/pthread_attr_setaffinity.c
cfn=(766) pthread_attr_setaffinity_np@@GLIBC_2.32
calls=1 29 
* 525
+4 1
-4 1
+4 1
cob=(3)
cfi=(138)
cfn=(732) 0x000000000489b3d0
calls=1 0 
* 66
+3 5
+2 2
85 3
cfi=(172)
cfn=(608)
calls=1 +1 
* 2215
* 1
+1 2
+5 3
cfi=(135) ./resource/../sysdeps/unix/sysv/linux/getrlimit64.c
cfn=(472) getrlimit
calls=1 -53 
* 9
* 2
+74 3
cfi=(204) ./libio/./libio/iofclose.c
cfn=(738) fclose@@GLIBC_2.2.5
calls=1 34 
* 404
* 1
+4 1
+2 2
-63 1
+9 3
-14 2
-1 2
+6 3
+6 1
+1 1
+5 8
+7 225
cfi=(195)
cfn=(702)
calls=45 24 
* 86034
* 90
+2 90
+1 45
-1 90
+1 90
+28 44
-38 88
+2 180
cfi=(187)
cfn=(666)
calls=45 -95 
* 7608
+5 45
-5 90
-10 1
+50 1
cob=(3)
cfi=(138)
cfn=(732)
calls=1 0 
* 66
* 2
-59 8
+2 1
+30 1
-2 1
+12 1
-10 4
+6 1
+3 2
-4 2

fl=(188)
fn=(668)
41 360
+6 45
-6 135
+6 90
+7 180
+8 267
+12 135
+1 90
-34 90
+60 48
+6 48
-7 96
+1 48
+6 48
-6 96
+4 4
+2 1
cfi=(173)
cfn=(726)
calls=1 3485 
* 347
* 1
* 1
+1 2
+6 2
+1 2
+2 2
fi=(243) ./libio/../string/bits/string_fortified.h
-88 3
cfi=(194)
cfn=(698)
calls=1 256 
* 21
* 1
fe=(188)
+88 47
fi=(243)
-88 141
cfi=(194)
cfn=(698)
calls=47 256 
* 795
* 47
fe=(188)
+89 48
+2 102
cfi=(181)
cfn=(670) __underflow
calls=3 295 
* 354
* 6
+2 6
-3 3
+3 3
-33 12
cfi=(193) ./string/../sysdeps/x86_64/multiarch/memchr-avx2.S
cfn=(694) __memchr_avx2
calls=3 -21 
* 65
* 3
* 180
cfi=(193)
cfn=(694)
calls=45 -21 
* 1601
* 45
* 48
+2 192
+1 192
fi=(191)
990 90
fe=(188)
130 405
-82 90
+16 1
+1 1
-1 1
+1 1
cob=(3)
cfi=(138)
cfn=(612)
calls=1 -65 
* 191
* 2
+1 2
+58 135
fi=(191)
990 90
fe=(188)
77 2
cfi=(181)
cfn=(670)
calls=1 295 
* 403
* 2
+5 4

fl=(213)
fn=(782)
120 12
+2 3

fl=(161)
fn=(584)
27 15
+1 25
fi=(159) ./signal/../sysdeps/unix/sysv/linux/internal-signals.h
+25 5
fe=(161)
-25 10
+8 10
+3 15
+6 15
-6 5
cfi=(162) ./signal/../sysdeps/unix/sysv/linux/libc_sigaction.c
cfn=(588) __libc_sigaction
calls=5 +4 
* 264

fl=(170)
fn=(604)
32 1
fi=(171)
+27 1
fe=(170)
-27 1
fi=(171)
+27 4
fe=(170)
-13 1
cfi=(167)
cfn=(598)
calls=1 -18 
* 5
* 2
+3 3

fl=(176)
fn=(630)
26 4
-1 2
+4 2
cfi=(177) ./misc/./misc/sbrk.c
cfn=(632) sbrk
calls=2 +14 
* 63
+1 4
+4 4

fl=(198) ./string/../sysdeps/x86_64/multiarch/strlen-avx2.S
fn=(710) __strlen_avx2
65 45
+1 45
+1 45
+3 45
+2 45
+1 45
+3 45
+1 45
+8 45
+1 45
+32 16
+13 16
+1 16
+1 16
+6 32
+29 9
+13 9
+1 9
+1 9
+6 18
+4 20
+13 20
+1 20
+1 20
+6 40
+7 45
+15 45
+6 45
+1 45
+1 45
+2 29
+1 29
+1 29
+1 29
+2 29
+1 29
+1 29
+1 29
+2 20
+1 20
+1 20
+1 20

fl=(146)
fn=(516)
546 4
+1 3
+1 3
+2 1

fl=(83)
fn=(306)
62 1
+3 3
+2 1
+1 1
-1 2
+7 3
+2 1
+1 1
-1 2
+5 2
+3 2
+2 2
+1 2
+1 2
+2 2
fi=(84) ./string/../sysdeps/x86/cacheinfo.c
-4 2
fe=(83)

fl=(210) ./nptl/./nptl/pthread_attr_extension.c
fn=(768) __pthread_attr_extension
26 2
-1 1
+3 4
cfi=(173)
cfn=(772)
calls=1 3775 
* 250
* 1
* 1
+1 2
-2 1
+5 2

fl=(181)
fn=(742) __GI__IO_un_link.part.0
66 1
+6 1
-6 6
+6 5
cfi=(183)
cfn=(650)
calls=1 -47 
* 12
+1 6
+2 1
-1 1
+1 2
+6 1
+1 1
+1 1
+1 2
+1 1
+11 4
+2 3
+2 5
-23 4
+22 1
+1 3
+1 2
cfi=(183)
cfn=(652)
calls=1 -44 
* 9
+3 8
-31 3

fn=(648)
109 8
+1 10
+24 16
-22 2
+2 2
-2 1
+2 4
cfi=(183)
cfn=(650)
calls=1 -89 
* 12
+1 7
+13 6
+2 1
-2 1
+1 1
+1 5
+1 2
cfi=(183)
cfn=(652)
calls=1 -74 
* 9
+3 1
-19 2
+1 1
+1 10
+2 1
+3 2
-3 1
+4 2
+1 1
+2 1
-2 1
+4 1

fn=(642)
589 414
+1 46
cfn=(644) _IO_old_init
calls=46 -30 
* 1060
+1 46
+1 92
+2 1
+4 1
+7 1
+2 1
-9 5
+15 1
+1 6
-1 45
+1 270
-2 90

fn=(740)
68 4
+36 2
cfn=(742)
calls=1 -38 
* 83

fn=(986)
874 9
-72 1
+73 1
cfn=(988) _IO_flush_all
calls=1 712 
* 179
-73 2
+73 1
-73 3
cfi=(183)
cfn=(650)
calls=1 25 
* 12
+1 6
fi=(191)
1036 2
fe=(181)
824 9
+2 6
+20 3
+2 30
+1 3
-43 9
+4 3
+1 27
+8 6
+2 9
+32 7
+1 2
cfi=(183)
cfn=(652)
calls=1 57 
* 9
+33 11
-76 9
-8 1
+3 1
-3 1
+3 2

fn=(674)
370 2
-1 3
+3 4
+1 1
fi=(191)
1036 3
+1 2
fe=(181)
373 2
cfi=(189) ./libio/./libio/filedoalloc.c
cfn=(676) _IO_file_doallocate
calls=1 78 
* 256
* 2
+3 4

fn=(644)
560 92
+5 92
-7 46
+12 46
-10 46
-2 46
+2 46
+16 46
-11 46
-5 46
+16 92
+5 46
-16 230
+16 92
+1 2
+2 46

fn=(670)
295 16
+1 13
+5 8
+3 12
+2 8
+6 8
+7 4
fi=(191)
1036 12
+1 8
fe=(181)
319 4
+1 4
-1 4
+1 8
-1 4
cfi=(182)
cfn=(672)
calls=4 467 
* 630
-23 6
+21 8

fn=(686)
190 16
+1 12
+3 12
+4 8
+1 8
+7 4
-4 4
+4 4
-2 8
+3 4
+1 16

fn=(682)
355 423
+1 190
+5 94
-3 47
+3 94
-2 47
+2 94
+3 282
-7 1
cob=(3)
cfi=(138)
cfn=(732)
calls=1 0 
* 66
+4 2

fn=(756)
627 2
+2 3
+6 3
+3 3
68 2
650 2

fn=(988)
712 9
+5 6
cfi=(183)
cfn=(650)
calls=1 25 
* 12
+1 6
-5 1
fi=(191)
1036 2
fe=(181)
734 36
+1 3
-14 9
+2 3
+1 27
+2 21
+13 7
+1 2
cfi=(183)
cfn=(652)
calls=1 57 
* 9
+4 11
-20 9
-6 1
+3 1
-8 1
+5 1
+3 2

fn=(716)
661 720
+3 1080
+10 360
+3 720
-12 360
+2 360
+1 180
+5 180

fn=(746)
969 1
+2 1
-2 1
+2 1
+5 2
+2 2

fl=(190)
fn=(680)
39 4
+33 1

fl=(204)
fn=(738)
34 3
+14 1
-14 1
+14 2
+9 1
fi=(191)
1036 3
+1 2
fe=(204)
57 3
cfi=(182)
cfn=(754)
calls=1 169 
* 27
+1 3
+13 2
fi=(191)
962 4
+1 4
+6 2
cob=(3)
cfi=(138)
cfn=(732)
calls=1 0 
* 66
fe=(204)
76 5
-27 1
cfi=(181)
cfn=(740)
calls=1 +19 
* 86
+2 3
fi=(191)
990 2
+1 9
fe=(204)
52 2
+1 2
cfi=(182)
cfn=(744)
calls=1 +76 
* 166
fi=(191)
990 1
fe=(204)
53 1
fi=(191)
990 2
fe=(204)

fl=(162)
fn=(588)
43 25
+5 10
fi=(163) ./signal/../string/bits/string_fortified.h
-19 3
fe=(162)
+21 3
+8 3
fi=(163)
-29 6
fe=(162)
+21 3
+3 3
fi=(163)
-24 6
fe=(162)
+24 3
+5 3
fi=(163)
-29 6
fe=(162)
+29 3
-5 6
fi=(163)
-24 6
fe=(162)
+24 3
fi=(163)
-24 18
fe=(162)
+29 3
fi=(163)
-29 3
fe=(162)
+29 30
+5 16
fi=(163)
-34 3
fe=(162)
+36 3
fi=(163)
-36 6
fe=(162)
+36 3
+2 3
fi=(163)
-38 6
fe=(162)
+38 3
+1 3
fi=(163)
-39 6
fe=(162)
+39 3
fi=(163)
-39 27
fe=(162)
+42 30
-13 6

fl=(225)
fn=(920)
45 3
+3 6
-3 21
+3 9
+3 12
+4 21
-4 9
+57 12
+4 18
-4 9
+11 6
+1 6
cfi=(226)
cfn=(922)
calls=3 -38 
* 45
+1 12
+1 24

fl=(88)
fn=(316)
48 2
+1 1
-2 4
+2 2
+3 2
+4 3
+3 3
+20 1

fl=(89)
fn=(318)
41 2
-1 4
+2 3
+3 2
+4 3
+3 3
fi=(90) ./wcsmbs/../sysdeps/x86_64/multiarch/wcsnlen.c
-22 1
fe=(89)

fn=(326)
41 2
-1 4
+2 3
+3 2
+4 3
+3 3
fi=(93) ./wcsmbs/../sysdeps/x86_64/multiarch/wcslen.c
-23 1
fe=(89)

fl=(189)
fn=(676)
78 4
+6 1
-6 3
+6 3
fi=(191)
1036 3
+1 2
fe=(189)
84 3
cfi=(182)
cfn=(678)
calls=1 1149 
* 7
* 2
+2 4
+11 4
+4 2
cob=(3)
cfi=(138)
cfn=(612)
calls=1 0 
* 175
* 1
+1 2
+2 4
cfi=(181)
cfn=(682)
calls=1 355 
* 27
+1 1
+1 8

fl=(228)
fn=(992)
27 1
+3 2

fl=(100)
fn=(394)
38 2
+1 1
-1 2
+1 2
+3 2
+4 3
+3 3
fi=(118) ./string/../sysdeps/x86_64/multiarch/strcpy.c
-20 1
fe=(100)

fn=(414)
38 2
+1 1
-1 2
+1 2
+3 2
+4 3
+3 3
fi=(122) ./string/../sysdeps/x86_64/multiarch/stpcpy.c
-16 1
fe=(100)

fn=(376)
38 2
+1 1
-1 2
+1 2
+3 2
+4 3
+3 3
fi=(112) ./string/../sysdeps/x86_64/multiarch/strcat.c
-20 1
fe=(100)

fn=(346)
43 2
fi=(101) ./string/../sysdeps/x86_64/multiarch/strchr.c
+1 1
-2 4
+2 2
+3 2
+4 3
+3 3
+11 1
fe=(100)

fl=(109)
fn=(428)
37 2
-1 4
fi=(124) ./string/../sysdeps/x86_64/multiarch/strncase.c
-5 2
fe=(109)
+7 3
+3 2
+4 3
+3 4

fn=(398)
37 2
-1 4
fi=(119) ./string/../sysdeps/x86_64/multiarch/strcasecmp_l.c
-5 2
fe=(109)
+7 3
+3 2
+4 3
+3 4

fn=(368)
37 2
-1 4
fi=(110) ./string/../sysdeps/x86_64/multiarch/strcasecmp.c
-5 2
fe=(109)
+7 3
+3 2
+4 3
+3 4

fn=(380)
37 2
-1 4
fi=(113) ./string/../sysdeps/x86_64/multiarch/strncase_l.c
-5 2
fe=(109)
+7 3
+3 2
+4 3
+3 4

fl=(145)
fn=(514)
54 1
+1 1
+2 1
+1 1
+4 1
+1 1
+1 1
+3 1
+2 1
+1 1
+1 1
+1 1
+3 1
+1 1
+2 1
+1 1
+1 1
+1 1
+1 1
+9 2

fl=(156)
fn=(572)
27 1
+2 6
cfi=(157)
cfn=(574)
calls=1 +45 
* 19
+14 2

fl=(202)
fn=(720)
108 360
cfi=(203)
cfn=(722)
calls=90 238 
* 23594

fl=(151)
fn=(542) __new_exitfn
86 2
-6 4
+11 1
-10 1
+10 4
+2 4
-2 1
+10 1
-10 3
+45 1
+5 1
-4 1
+4 4
-18 1
-1 1
+12 1

fn=(540) __internal_atexit
36 5
+5 2
+2 8
+1 2
cfn=(542)
calls=1 +42 
* 31
+2 2
+8 1
-2 1
+3 1
+1 1
-4 2
+1 1
+4 4
+1 1
+1 6

fn=(538)
68 2
cfn=(540)
calls=1 -32 
* 68

fl=(135)
fn=(472)
38 2
+1 14
+1 2

fl=(183)
fn=(652)
57 98
+2 147
+1 147
+11 49

fn=(650)
25 49
+2 98
+2 98
+3 98
+14 147
+2 49
+1 49

fl=(194)
fn=(698)
256 82
+6 82
+1 82
+2 48
+1 48
+1 48
+3 19
+1 19
+1 19
+3 38
+30 34
+1 34
+2 32
+1 32
+2 27
+4 27
+1 23
+1 23
+1 16
+1 16
+1 3
+1 3
+2 3
+2 3
-2 13
+2 20
+6 4
+1 4
+1 4
+1 4
+1 4
+7 2
+1 2
+1 2
+1 2
+2 2
+17 5
+1 5
+1 5
+1 5
+1 5
+7 28
+1 28
+1 28
+1 28
+1 28
+1 28
+1 56
+5 29
+1 29
+5 29
+1 29
+2 29
+1 29
+1 29
+2 1
+1 1
+1 1
+1 1
+1 1
+1 1
+1 1
+1 1
+1 1
+1 1
+1 1
+1 1
+1 1
+1 1
+1 2

fl=(209)
fn=(766)
29 4
+5 5
+28 1
+1 5
-18 1
cfi=(210)
cfn=(768)
calls=1 -19 
* 264
+1 2
+3 1
+2 1
-2 2
+2 2
cfi=(173)
cfn=(726)
calls=1 3485 
* 214
* 1
* 1
+1 2
+3 2
+1 1
fi=(171)
-27 3
cfi=(194)
cfn=(698)
calls=1 256 
* 11
* 1
* 1
fe=(209)

fl=(152)
fn=(560)
29 4
+15 4
cfi=(153)
cfn=(562)
calls=1 -14 
* 28
+2 2
+5 2
+1 2
+3 2
+3 6
cob=(6)
cfi=(149)
cfn=(568)
calls=1 -58 
* 330576
+16 2
cfi=(219)
cfn=(896)
calls=1 +73 
* 1667

fl=(193)
fn=(694)
68 48
+2 48
+3 48
+1 48
+2 48
+1 48
+1 48
+1 48
+3 48
+1 48
+3 48
+1 48
+2 47
+1 47
+1 2
+1 2
+2 4
+7 1
+5 1
+7 1
+1 1
+7 10
+1 10
+1 10
+1 20
+4 1
+1 1
+4 5
+1 5
+1 5
+1 10
+4 12
+1 12
+1 12
+1 24
+5 14
+1 14
+1 14
+1 28
+10 45
+1 45
+1 45
+2 45
+10 45
+1 45
+3 45
+1 45
+2 41
+1 41
+2 31
+1 31
+1 31
+1 31
+2 26
+1 26
+1 26
+1 26
+2 14
+1 14
+1 14
+1 14
+59 4
+1 4
+3 3
+1 3
+4 2
+1 2
+3 1
+1 1
+1 1
+1 1
+1 1
+4 2
+32 1
+2 1
+2 1
+1 1
+1 1
+1 1
+1 2
+3 1
+1 2
+44 1
+1 1
+1 1
+1 1
+2 1
+1 1
+3 1
+1 1
+3 1
+1 1
+21 1
+1 1
+1 1
+1 2

fl=(143)
fn=(508)
46 3
+5 2
+4 5
+8 1
-2 1
+10 1
-9 1
+1 1
+9 2
-1 1
cfi=(144)
cfn=(510)
calls=1 -40 
* 46

fl=(177)
fn=(632)
43 2
-6 8
+6 2
+35 5
-38 4
+18 4
+4 4
+4 4
+8 1
cfi=(178)
cfn=(634)
calls=1 -50 
* 8
* 2
+4 5
-19 2
cfi=(178)
cfn=(634)
calls=1 -35 
* 8
* 2
+4 2

fl=(186)
fn=(664)
55 1
+1 1
+1 1
+1 1
+1 1
+3 1
+1 1
+4 1
+1 1
+1 1
+1 1
+1 1
+1 1
+1 1
+1 1
+3 1
+8 1
+8 1
+1 2

fl=(215)
fn=(786)
50 2
-3 4
+6 2
+5 6
+2 3
-7 5

fl=(107)
fn=(364)
38 6
-1 8
+2 6
+6 4
-3 4
+9 6
+3 8
fi=(244) ./wcsmbs/../sysdeps/x86_64/multiarch/wmemchr.c
-23 2
fe=(107)

fl=(106)
fn=(408)
35 5
+1 3
+3 2
+4 3
+3 4
fi=(245) ./string/../sysdeps/x86_64/multiarch/strncpy.c
-17 1
fe=(106)

fn=(362)
35 5
+1 3
+3 2
+4 3
+3 4
fi=(246) ./string/../sysdeps/x86_64/multiarch/stpncpy.c
-15 1
fe=(106)

fl=(157)
fn=(574)
74 6
+1 12
cfn=(576) __internal_syscall_cancel
calls=6 -45 
* 60
+4 24
+1 12

fn=(576)
30 12
+7 12
+1 12
+2 12
+24 12

fl=(155)
fn=(566)
28 2
+2 2
-1 1
+5 3

fl=(223)
fn=(906)
368 2
cfn=(908) __pthread_mutex_unlock_usercnt
calls=1 51 
* 34

fn=(908)
51 3
+1 2
-4 1
+9 2
+5 1
+1 2
-24 1
+1 4
+1 1
+31 1
+32 2
-39 2
+9 2
+6 4
+4 3
+3 3

fl=(94)
fn=(330)
57 3
-1 2
+4 3
+14 2
+3 2
+8 2
+8 2
+3 5

fn=(332)
57 3
-1 2
+4 3
+14 2
+3 2
+8 2
+8 2
+3 5

fn=(412)
57 3
-1 2
+4 3
+14 2
+3 2
+8 2
+8 2
+3 5

fl=(211)
fn=(776)
31 1
-7 1
+7 3
+7 1
-3 1
+3 1

fl=(206)
fn=(758)
30 1
fi=(207) ./nptl/./nptl/pthread_getaffinity.c
+3 6
+2 2
+4 1
-9 1
fi=(171)
+29 1
fi=(207)
-20 2
fi=(171)
+20 2
cfi=(208)
cfn=(764)
calls=1 199 
* 10
* 1
fi=(207)
-18 1
+1 2
fe=(206)

fl=(197)
fn=(706)
36 585
+4 90
+1 90
cfi=(198)
cfn=(710)
calls=45 +24 
* 1257
* 45
* 45
+5 225
cfi=(181)
cfn=(682)
calls=45 355 
* 1215
+5 90
-1 180
+14 45
-14 270
+15 315
-14 135

fl=(205)
fn=(750)
26 4
+1 1

fl=(137) ./nptl/./nptl/pthread_mutex_conf.c
fn=(476) __pthread_tunables_init
55 1
+1 1
-1 1
+1 5
cob=(1)
cfi=(11)
cfn=(28)
calls=1 441 
* 22
* 1
+2 4
cob=(1)
cfi=(11)
cfn=(28)
calls=1 441 
* 21
* 1
+2 4
cob=(1)
cfi=(11)
cfn=(28)
calls=1 441 
* 22
* 1
+2 6

fl=(121)
fn=(410)
34 5
+1 2
+1 2
+1 3
+3 2
+4 3
+3 4
fi=(247) ./wcsmbs/../sysdeps/x86_64/multiarch/wmemcmp.c
-18 2
fe=(121)

fl=(139) ./stdlib/../sysdeps/unix/sysv/linux/getrandom.c
fn=(480) __getrandom_early_init
238 5
+3 6
+37 6

fl=(111)
fn=(374)
43 2
-1 4
+2 3
+2 2
+4 3
+10 1

fl=(184)
fn=(658)
28 2
+3 9
+8 7
+2 5

fl=(158)
fn=(578)
30 1
+4 7
fi=(159)
+19 1
fe=(158)
-18 2
fi=(160) ./signal/../sysdeps/unix/sysv/linux/sigsetops.h
+67 1
fe=(158)
-61 1
+4 2
fi=(160)
+57 1
+2 1
-8 1
fe=(158)
-52 4
+1 1
cfi=(161)
cfn=(584)
calls=1 -18 
* 92
* 1
+3 1
-3 2
+4 5

fl=(212)
fn=(778)
36 3
-10 2
+12 2
cob=(3)
cfi=(138)
cfn=(732)
calls=1 -38 
* 66
+1 2
cob=(3)
cfi=(138)
cfn=(732)
calls=1 -39 
* 66
+5 3

fl=(133)
fn=(468)
34 5
+2 1
cfi=(134)
cfn=(470)
calls=1 -5 
* 16
+3 1
fi=(136) ./elf/../sysdeps/nptl/pthread_early_init.h
-6 2
fe=(133)
+6 1
+3 2
fi=(136)
-9 1
cfi=(135)
cfn=(472)
calls=1 +5 
* 9
* 3
+1 1
+4 5
+7 1
fi=(248) ./elf/../nptl/nptl-stack.h
+16 3
fi=(136)
-16 1
fi=(248)
+16 2
fi=(136)
-7 1
fi=(248)
+7 3
fi=(136)
-9 1
-6 1
+2 2
+4 4
+1 1
+3 1
cfi=(137)
cfn=(476)
calls=1 -1 
* 90
fe=(133)
-9 2
cfi=(139)
cfn=(480)
calls=1 238 
* 17
+3 3
+2 2
-2 1
cfi=(140)
cfn=(482)
calls=1 +42 
* 150

fl=(208)
fn=(764)
199 4
+5 2
+1 2
+1 1
+1 1
+1 1
+21 1
+1 1
+6 1
+1 1
+12 1
+3 1
+1 1
+12 1
+1 1
+13 1
+1 1
+2 1
+18 1
+1 1
+1 1
+1 1
+3 2
+35 1
+9 1
+1 1
+31 1
+1 1
+1 1

fl=(85)
fn=(334)
40 3
-2 4
fi=(95) ./string/../sysdeps/x86_64/multiarch/memrchr.c
-9 2
fe=(85)
+12 2
+1 3
+3 2
+4 3
+3 5

fn=(404)
40 6
-2 8
fi=(120) ./string/../sysdeps/x86_64/multiarch/strlen.c
-9 4
fe=(85)
+12 4
+1 6
+3 4
+4 6
+3 10

fn=(310)
40 6
-2 8
fi=(86) ./string/../sysdeps/x86_64/multiarch/strnlen.c
-7 4
fe=(85)
+10 4
+1 6
+3 4
+4 6
+3 10

fn=(384)
40 3
-2 4
fi=(114) ./string/../sysdeps/x86_64/multiarch/strchrnul.c
-7 2
fe=(85)
+10 2
+1 3
+3 2
+4 3
+3 5

fn=(354)
40 3
-2 4
fi=(104) ./string/../sysdeps/x86_64/multiarch/strrchr.c
-10 2
fe=(85)
+13 2
+1 3
+3 2
+4 3
+3 5

fl=(222)
fn=(904)
80 3
+4 2
-7 2
+11 2
+91 1
+5 1
-2 1
-58 1
+66 3
-93 2
+11 4
+4 1
+3 2
-71 1
+1 7
+1 1
+84 3
+1 2

fl=(97)
fn=(418)
57 6
-1 4
+4 6
+14 4
+3 4
+8 4
+8 4
+3 10

fn=(426)
57 3
-1 2
+4 3
+14 2
+3 2
+8 2
+8 2
+3 5

fn=(340)
57 6
-1 4
+4 6
+14 4
+3 4
+8 4
+8 4
+3 10

fl=(102)
fn=(350)
61 5
+3 3
-12 2
+28 2
+2 2
+10 2
fi=(103) ./debug/../sysdeps/x86_64/multiarch/memset_chk.c
-63 1
fe=(102)
+71 2
-48 1
+1 2

ob=(3)
fl=(138)
fn=(944) 0x000000000483b030
0 1
cob=(2)
cfi=(225)
cfn=(920)
calls=1 45 
0 71

fn=(612)
0 3
cob=(2)
cfi=(173)
cfn=(614)
calls=3 3385 
0 2143

fn=(974)
0 1
cob=(2)
cfi=(225)
cfn=(920)
calls=1 45 
0 71

fn=(520)
0 6

fn=(544)
0 6

fn=(732)
0 6
cob=(2)
cfi=(173)
cfn=(734)
calls=6 3441 
0 390

fn=(954)
0 3

fn=(498)
0 6

fn=(934)
0 3

fn=(984)
0 3

ob=(4)
fl=(142)
fn=(948) 0x0000000000001050
0 5

fn=(502)
0 12

fn=(938)
0 9
cob=(3)
cfi=(138)
cfn=(944)
calls=1 0 
0 72
0 1
cfn=(948)
calls=1 0 
0 5
0 3

totals: 522357
